#
# There is insufficient memory for the Java Runtime Environment to continue.
# Native memory allocation (mmap) failed to map 2701131776 bytes. Error detail: G1 virtual space
# Possible reasons:
#   The system is out of physical RAM or swap space
#   This process is running with CompressedOops enabled, and the Java Heap may be blocking the growth of the native heap
# Possible solutions:
#   Reduce memory load on the system
#   Increase physical memory or swap space
#   Check if swap backing store is full
#   Decrease Java heap size (-Xmx/-Xms)
#   Decrease number of Java threads
#   Decrease Java thread stack sizes (-Xss)
#   Set larger code cache with -XX:ReservedCodeCacheSize=
#   JVM is running with Zero Based Compressed Oops mode in which the Java heap is
#     placed in the first 32GB address space. The Java Heap base address is the
#     maximum limit for the native heap growth. Please use -XX:HeapBaseMinAddress
#     to set the Java Heap base and to place the Java Heap above 32GB virtual address.
# This output file may be truncated or incomplete.
#
#  Out of Memory Error (os_windows.cpp:3583), pid=20316, tid=13032
#
# JRE version: Java(TM) SE Runtime Environment (26.0.1+8) (build 26.0.1+8-34)
# Java VM: Java HotSpot(TM) 64-Bit Server VM (26.0.1+8-34, mixed mode, sharing, tiered, compressed oops, compressed class ptrs, g1 gc, windows-amd64)
# No core dump will be written. Minidumps are not enabled by default on client versions of Windows
#

---------------  S U M M A R Y ------------

Command Line: -Xmx12G core.DTNSim -b 1 C:\Users\Jikoyuooo\Opportunistic-Routing-using-Q-Learning-with-Context-Information\Z_focused\focus04_very_gentle\focus04_very_gentle_WithEF.txt

Host: AMD Ryzen 5 5600GT with Radeon Graphics        , 12 cores, 15G,  Windows 11 , 64 bit Build 26100 (10.0.26100.8328)
Time: Fri May 29 11:46:54 2026 SE Asia Standard Time elapsed time: 75.445533 seconds (0d 0h 1m 15s)

---------------  T H R E A D  ---------------

Current thread (0x0000019a3d9c53e0):  VMThread "VM Thread"          [id=13032, stack(0x000000097af00000,0x000000097b000000) (1024K)]

Stack: [0x000000097af00000,0x000000097b000000]
Native frames: (J=compiled Java code, j=interpreted, Vv=VM code, C=native code)
V  [jvm.dll+0x7d5879]  (no source info available)
V  [jvm.dll+0x7a37dd]  (no source info available)
V  [jvm.dll+0x9b0c10]  (no source info available)
V  [jvm.dll+0x9b3061]  (no source info available)
V  [jvm.dll+0x9b3773]  (no source info available)
V  [jvm.dll+0x30df76]  (no source info available)
V  [jvm.dll+0x7d4d45]  (no source info available)
V  [jvm.dll+0x7c7f07]  (no source info available)
V  [jvm.dll+0x4087e8]  (no source info available)
V  [jvm.dll+0x410b56]  (no source info available)
V  [jvm.dll+0x3fcef4]  (no source info available)
V  [jvm.dll+0x3fd1e5]  (no source info available)
V  [jvm.dll+0x3d3b6f]  (no source info available)
V  [jvm.dll+0x3d6ddc]  (no source info available)
V  [jvm.dll+0x4223ec]  (no source info available)
V  [jvm.dll+0x420d33]  (no source info available)
V  [jvm.dll+0x3d3308]  (no source info available)
V  [jvm.dll+0x4200f3]  (no source info available)
V  [jvm.dll+0x9b9c21]  (no source info available)
V  [jvm.dll+0x9babeb]  (no source info available)
V  [jvm.dll+0x9bb0fc]  (no source info available)
V  [jvm.dll+0x9bb579]  (no source info available)
V  [jvm.dll+0x9bb823]  (no source info available)
V  [jvm.dll+0x94f649]  (no source info available)
V  [jvm.dll+0x7d7358]  (no source info available)
C  [ucrtbase.dll+0x37b0]  (no source info available)
C  [KERNEL32.DLL+0x2e957]  (no source info available)
C  [ntdll.dll+0x427c]  (no source info available)

VM_Operation (0x000000097a7fef18): G1CollectForAllocation, mode: safepoint, requested by thread 0x0000019a10651850


---------------  P R O C E S S  ---------------

Threads class SMR info:
_java_thread_list=0x0000019a4353c840, length=11, elements={
0x0000019a10651850, 0x0000019a3d9dc2d0, 0x0000019a3d9dcd20, 0x0000019a3d9e4950,
0x0000019a3d9e5500, 0x0000019a3d9e6c20, 0x0000019a3d9e9a90, 0x0000019a3da14b10,
0x0000019a3da1e080, 0x0000019a3e14c490, 0x0000019a3e14f1e0
}

Java Threads: ( => current thread )
  0x0000019a10651850 JavaThread "main"                              [_thread_blocked, id=7144, stack(0x000000097a700000,0x000000097a800000) (1024K)]
  0x0000019a3d9dc2d0 JavaThread "Reference Handler"          daemon [_thread_blocked, id=19364, stack(0x000000097b000000,0x000000097b100000) (1024K)]
  0x0000019a3d9dcd20 JavaThread "Finalizer"                  daemon [_thread_blocked, id=15212, stack(0x000000097b100000,0x000000097b200000) (1024K)]
  0x0000019a3d9e4950 JavaThread "Signal Dispatcher"          daemon [_thread_blocked, id=15272, stack(0x000000097b200000,0x000000097b300000) (1024K)]
  0x0000019a3d9e5500 JavaThread "Attach Listener"            daemon [_thread_blocked, id=13552, stack(0x000000097b300000,0x000000097b400000) (1024K)]
  0x0000019a3d9e6c20 JavaThread "Service Thread"             daemon [_thread_blocked, id=17136, stack(0x000000097b400000,0x000000097b500000) (1024K)]
  0x0000019a3d9e9a90 JavaThread "Monitor Deflation Thread"   daemon [_thread_blocked, id=14188, stack(0x000000097b500000,0x000000097b600000) (1024K)]
  0x0000019a3da14b10 JavaThread "C2 CompilerThread0"         daemon [_thread_blocked, id=14228, stack(0x000000097b600000,0x000000097b700000) (1024K)]
  0x0000019a3da1e080 JavaThread "C1 CompilerThread0"         daemon [_thread_blocked, id=352, stack(0x000000097b700000,0x000000097b800000) (1024K)]
  0x0000019a3e14c490 JavaThread "Notification Thread"        daemon [_thread_blocked, id=16208, stack(0x000000097b800000,0x000000097b900000) (1024K)]
  0x0000019a3e14f1e0 JavaThread "Common-Cleaner"             daemon [_thread_blocked, id=17764, stack(0x000000097b900000,0x000000097ba00000) (1024K)]
Total: 11

Other Threads:
=>0x0000019a3d9c53e0 VMThread "VM Thread"                           [id=13032, stack(0x000000097af00000,0x000000097b000000) (1024K)]
  0x0000019a3d9b6130 WatcherThread "VM Periodic Task Thread"        [id=12172, stack(0x000000097ae00000,0x000000097af00000) (1024K)]
  0x0000019a12a8b790 WorkerThread "GC Thread#0"                     [id=19540, stack(0x000000097a800000,0x000000097a900000) (1024K)]
  0x0000019a3e982c40 WorkerThread "GC Thread#1"                     [id=8852, stack(0x000000097bc00000,0x000000097bd00000) (1024K)]
  0x0000019a3ea079e0 WorkerThread "GC Thread#2"                     [id=18092, stack(0x000000097bd00000,0x000000097be00000) (1024K)]
  0x0000019a44213940 WorkerThread "GC Thread#3"                     [id=18904, stack(0x000000097be00000,0x000000097bf00000) (1024K)]
  0x0000019a4336efe0 WorkerThread "GC Thread#4"                     [id=20080, stack(0x000000097bf00000,0x000000097c000000) (1024K)]
  0x0000019a4336f400 WorkerThread "GC Thread#5"                     [id=1500, stack(0x000000097c000000,0x000000097c100000) (1024K)]
  0x0000019a3e3f5510 WorkerThread "GC Thread#6"                     [id=7264, stack(0x000000097ba00000,0x000000097bb00000) (1024K)]
  0x0000019a43010540 WorkerThread "GC Thread#7"                     [id=7896, stack(0x000000097bb00000,0x000000097bc00000) (1024K)]
  0x0000019a43011ad0 WorkerThread "GC Thread#8"                     [id=11496, stack(0x000000097c100000,0x000000097c200000) (1024K)]
  0x0000019a43010de0 WorkerThread "GC Thread#9"                     [id=17752, stack(0x000000097c200000,0x000000097c300000) (1024K)]
  0x0000019a12a9f740 ConcurrentGCThread "G1 Main Marker"            [id=15116, stack(0x000000097a900000,0x000000097aa00000) (1024K)]
  0x0000019a12aa0a60 WorkerThread "G1 Conc#0"                       [id=11108, stack(0x000000097aa00000,0x000000097ab00000) (1024K)]
  0x0000019a3d87d8b0 WorkerThread "G1 Refinement Workers#0"         [id=10824, stack(0x000000097ac00000,0x000000097ad00000) (1024K)]
  0x0000019a12abd330 ConcurrentGCThread "G1 Refine Control"         [id=16564, stack(0x000000097ab00000,0x000000097ac00000) (1024K)]
  0x0000019a3d87ec40 ConcurrentGCThread "G1 Service"                [id=12196, stack(0x000000097ad00000,0x000000097ae00000) (1024K)]
Total: 17

Threads with active compile tasks:
Total: 0

VM state: at safepoint (normal execution)

VM Mutex/Monitor currently owned by a thread:  ([mutex/lock_event])
[0x00007ff93858ed08] Threads_lock - owner thread: 0x0000019a3d9c53e0
[0x00007ff93858ef88] Heap_lock - owner thread: 0x0000019a10651850

Heap address: 0x0000000500000000, size: 12288 MB, Compressed Oops mode: Zero based, Oop shift amount: 3

CDS archive(s) mapped at: [0x0000000039000000-0x0000000039de0000-0x0000000039de0000), size 14548992, SharedBaseAddress: 0x0000000039000000, ArchiveRelocationMode: 1.
Compressed class space mapped at: 0x000000003a000000-0x000000007a000000, reserved size: 1073741824
UseCompressedClassPointers 1, UseCompactObjectHeaders 0
Narrow klass pointer bits 32, Max shift 3
Narrow klass base: 0x0000000039000000, Narrow klass shift: 0
Encoding Range: [0x0000000039000000 - 0x0000000139000000), (4294967296 bytes)
Klass Range:    [0x0000000039000000 - 0x000000007a000000), (1090519040 bytes)
Klass ID Range:  [8 - 1090519033) (1090519025)
Protection zone: [0x0000000039000000 - 0x0000000039010000), (65536 bytes)

GC Precious Log:
 CardTable entry size: 512
 Card Set container configuration: InlinePtr #cards 4 size 8 Array Of Cards #cards 64 size 144 Howl #buckets 8 coarsen threshold 14745 Howl Bitmap #cards 2048 size 272 coarsen threshold 1843 Card regions per heap region 1 cards per card region 16384
 CPUs: 12 total, 12 available
 Memory: 15740M
 Large Page Support: Disabled
 NUMA Support: Disabled
 Compressed Oops: Enabled (Zero based)
 Heap Region Size: 8M
 Heap Min Capacity: 8M
 Heap Initial Capacity: 8M
 Heap Max Capacity: 12G
 Pre-touch: Disabled
 Parallel Workers: 10
 Concurrent Workers: 3
 Concurrent Refinement Workers: 10
 Periodic GC: Disabled

Heap:
 garbage-first heap   total reserved 12582912K, committed 1327104K, used 104856K [0x0000000500000000, 0x0000000800000000)
  region size 8M, 0 eden (0M), 6 survivor (48M), 9 old (72M), 0 humongous (0M), 147 free (1176M)

Heap Regions: E=young(eden), S=young(survivor), O=old, HS=humongous(starts), HC=humongous(continues), CS=collection set, F=free, TAMS=top-at-mark-start, PB=parsable bottom
|    0|0x0000000500000000, 0x0000000500800000, 0x0000000500800000|100%| O|  |TAMS 0x0000000500000000| PB 0x0000000500000000| Untracked |  0
|    1|0x0000000500800000, 0x0000000501000000, 0x0000000501000000|100%| O|  |TAMS 0x0000000500800000| PB 0x0000000500800000| Untracked |  0
|    2|0x0000000501000000, 0x0000000501800000, 0x0000000501800000|100%| O|  |TAMS 0x0000000501000000| PB 0x0000000501000000| Untracked |  0
|    3|0x0000000501800000, 0x0000000502000000, 0x0000000502000000|100%| O|  |TAMS 0x0000000501800000| PB 0x0000000501800000| Untracked |  0
|    4|0x0000000502000000, 0x0000000502800000, 0x0000000502800000|100%| O|  |TAMS 0x0000000502000000| PB 0x0000000502000000| Untracked |  0
|    5|0x0000000502800000, 0x0000000503000000, 0x0000000503000000|100%| O|  |TAMS 0x0000000502800000| PB 0x0000000502800000| Untracked |  0
|    6|0x0000000503000000, 0x0000000503800000, 0x0000000503800000|100%| O|  |TAMS 0x0000000503000000| PB 0x0000000503000000| Untracked |  0
|    7|0x0000000503800000, 0x0000000503bb9088, 0x0000000504000000| 46%| O|  |TAMS 0x0000000503800000| PB 0x0000000503800000| Untracked |  0
|    8|0x0000000504000000, 0x0000000504000000, 0x0000000504800000|  0%| F|  |TAMS 0x0000000504000000| PB 0x0000000504000000| Untracked |  0
|    9|0x0000000504800000, 0x0000000504800000, 0x0000000505000000|  0%| F|  |TAMS 0x0000000504800000| PB 0x0000000504800000| Untracked |  0
|   10|0x0000000505000000, 0x0000000505000000, 0x0000000505800000|  0%| F|  |TAMS 0x0000000505000000| PB 0x0000000505000000| Untracked |  0
|   11|0x0000000505800000, 0x0000000505800000, 0x0000000506000000|  0%| F|  |TAMS 0x0000000505800000| PB 0x0000000505800000| Untracked |  0
|   12|0x0000000506000000, 0x0000000506000000, 0x0000000506800000|  0%| F|  |TAMS 0x0000000506000000| PB 0x0000000506000000| Untracked |  0
|   13|0x0000000506800000, 0x0000000506800000, 0x0000000507000000|  0%| F|  |TAMS 0x0000000506800000| PB 0x0000000506800000| Untracked |  0
|   14|0x0000000507000000, 0x0000000507000000, 0x0000000507800000|  0%| F|  |TAMS 0x0000000507000000| PB 0x0000000507000000| Untracked |  0
|   15|0x0000000507800000, 0x0000000507800000, 0x0000000508000000|  0%| F|  |TAMS 0x0000000507800000| PB 0x0000000507800000| Untracked |  0
|   16|0x0000000508000000, 0x0000000508000000, 0x0000000508800000|  0%| F|  |TAMS 0x0000000508000000| PB 0x0000000508000000| Untracked |  0
|   17|0x0000000508800000, 0x0000000508800000, 0x0000000509000000|  0%| F|  |TAMS 0x0000000508800000| PB 0x0000000508800000| Untracked |  0
|   18|0x0000000509000000, 0x0000000509000000, 0x0000000509800000|  0%| F|  |TAMS 0x0000000509000000| PB 0x0000000509000000| Untracked |  0
|   19|0x0000000509800000, 0x0000000509800000, 0x000000050a000000|  0%| F|  |TAMS 0x0000000509800000| PB 0x0000000509800000| Untracked |  0
|   20|0x000000050a000000, 0x000000050a000000, 0x000000050a800000|  0%| F|  |TAMS 0x000000050a000000| PB 0x000000050a000000| Untracked |  0
|   21|0x000000050a800000, 0x000000050a800000, 0x000000050b000000|  0%| F|  |TAMS 0x000000050a800000| PB 0x000000050a800000| Untracked |  0
|   22|0x000000050b000000, 0x000000050b000000, 0x000000050b800000|  0%| F|  |TAMS 0x000000050b000000| PB 0x000000050b000000| Untracked |  0
|   23|0x000000050b800000, 0x000000050b800000, 0x000000050c000000|  0%| F|  |TAMS 0x000000050b800000| PB 0x000000050b800000| Untracked |  0
|   24|0x000000050c000000, 0x000000050c000000, 0x000000050c800000|  0%| F|  |TAMS 0x000000050c000000| PB 0x000000050c000000| Untracked |  0
|   25|0x000000050c800000, 0x000000050c800000, 0x000000050d000000|  0%| F|  |TAMS 0x000000050c800000| PB 0x000000050c800000| Untracked |  0
|   26|0x000000050d000000, 0x000000050d000000, 0x000000050d800000|  0%| F|  |TAMS 0x000000050d000000| PB 0x000000050d000000| Untracked |  0
|   27|0x000000050d800000, 0x000000050d800000, 0x000000050e000000|  0%| F|  |TAMS 0x000000050d800000| PB 0x000000050d800000| Untracked |  0
|   28|0x000000050e000000, 0x000000050e000000, 0x000000050e800000|  0%| F|  |TAMS 0x000000050e000000| PB 0x000000050e000000| Untracked |  0
|   29|0x000000050e800000, 0x000000050e800000, 0x000000050f000000|  0%| F|  |TAMS 0x000000050e800000| PB 0x000000050e800000| Untracked |  0
|   30|0x000000050f000000, 0x000000050f000000, 0x000000050f800000|  0%| F|  |TAMS 0x000000050f000000| PB 0x000000050f000000| Untracked |  0
|   31|0x000000050f800000, 0x000000050f800000, 0x0000000510000000|  0%| F|  |TAMS 0x000000050f800000| PB 0x000000050f800000| Untracked |  0
|   32|0x0000000510000000, 0x0000000510000000, 0x0000000510800000|  0%| F|  |TAMS 0x0000000510000000| PB 0x0000000510000000| Untracked |  0
|   33|0x0000000510800000, 0x0000000510800000, 0x0000000511000000|  0%| F|  |TAMS 0x0000000510800000| PB 0x0000000510800000| Untracked |  0
|   34|0x0000000511000000, 0x0000000511000000, 0x0000000511800000|  0%| F|  |TAMS 0x0000000511000000| PB 0x0000000511000000| Untracked |  0
|   35|0x0000000511800000, 0x0000000511800000, 0x0000000512000000|  0%| F|  |TAMS 0x0000000511800000| PB 0x0000000511800000| Untracked |  0
|   36|0x0000000512000000, 0x0000000512000000, 0x0000000512800000|  0%| F|  |TAMS 0x0000000512000000| PB 0x0000000512000000| Untracked |  0
|   37|0x0000000512800000, 0x0000000512800000, 0x0000000513000000|  0%| F|  |TAMS 0x0000000512800000| PB 0x0000000512800000| Untracked |  0
|   38|0x0000000513000000, 0x0000000513000000, 0x0000000513800000|  0%| F|  |TAMS 0x0000000513000000| PB 0x0000000513000000| Untracked |  0
|   39|0x0000000513800000, 0x0000000513800000, 0x0000000514000000|  0%| F|  |TAMS 0x0000000513800000| PB 0x0000000513800000| Untracked |  0
|   40|0x0000000514000000, 0x0000000514000000, 0x0000000514800000|  0%| F|  |TAMS 0x0000000514000000| PB 0x0000000514000000| Untracked |  0
|   41|0x0000000514800000, 0x0000000514800000, 0x0000000515000000|  0%| F|  |TAMS 0x0000000514800000| PB 0x0000000514800000| Untracked |  0
|   42|0x0000000515000000, 0x0000000515000000, 0x0000000515800000|  0%| F|  |TAMS 0x0000000515000000| PB 0x0000000515000000| Untracked |  0
|   43|0x0000000515800000, 0x0000000515800000, 0x0000000516000000|  0%| F|  |TAMS 0x0000000515800000| PB 0x0000000515800000| Untracked |  0
|   44|0x0000000516000000, 0x0000000516000000, 0x0000000516800000|  0%| F|  |TAMS 0x0000000516000000| PB 0x0000000516000000| Untracked |  0
|   45|0x0000000516800000, 0x0000000516800000, 0x0000000517000000|  0%| F|  |TAMS 0x0000000516800000| PB 0x0000000516800000| Untracked |  0
|   46|0x0000000517000000, 0x0000000517000000, 0x0000000517800000|  0%| F|  |TAMS 0x0000000517000000| PB 0x0000000517000000| Untracked |  0
|   47|0x0000000517800000, 0x0000000517800000, 0x0000000518000000|  0%| F|  |TAMS 0x0000000517800000| PB 0x0000000517800000| Untracked |  0
|   48|0x0000000518000000, 0x0000000518000000, 0x0000000518800000|  0%| F|  |TAMS 0x0000000518000000| PB 0x0000000518000000| Untracked |  0
|   49|0x0000000518800000, 0x0000000518800000, 0x0000000519000000|  0%| F|  |TAMS 0x0000000518800000| PB 0x0000000518800000| Untracked |  0
|   50|0x0000000519000000, 0x0000000519000000, 0x0000000519800000|  0%| F|  |TAMS 0x0000000519000000| PB 0x0000000519000000| Untracked |  0
|   51|0x0000000519800000, 0x0000000519800000, 0x000000051a000000|  0%| F|  |TAMS 0x0000000519800000| PB 0x0000000519800000| Untracked |  0
|   52|0x000000051a000000, 0x000000051a000000, 0x000000051a800000|  0%| F|  |TAMS 0x000000051a000000| PB 0x000000051a000000| Untracked |  0
|   53|0x000000051a800000, 0x000000051a800000, 0x000000051b000000|  0%| F|  |TAMS 0x000000051a800000| PB 0x000000051a800000| Untracked |  0
|   54|0x000000051b000000, 0x000000051b000000, 0x000000051b800000|  0%| F|  |TAMS 0x000000051b000000| PB 0x000000051b000000| Untracked |  0
|   55|0x000000051b800000, 0x000000051b800000, 0x000000051c000000|  0%| F|  |TAMS 0x000000051b800000| PB 0x000000051b800000| Untracked |  0
|   56|0x000000051c000000, 0x000000051c000000, 0x000000051c800000|  0%| F|  |TAMS 0x000000051c000000| PB 0x000000051c000000| Untracked |  0
|   57|0x000000051c800000, 0x000000051c800000, 0x000000051d000000|  0%| F|  |TAMS 0x000000051c800000| PB 0x000000051c800000| Untracked |  0
|   58|0x000000051d000000, 0x000000051d000000, 0x000000051d800000|  0%| F|  |TAMS 0x000000051d000000| PB 0x000000051d000000| Untracked |  0
|   59|0x000000051d800000, 0x000000051d800000, 0x000000051e000000|  0%| F|  |TAMS 0x000000051d800000| PB 0x000000051d800000| Untracked |  0
|   60|0x000000051e000000, 0x000000051e000000, 0x000000051e800000|  0%| F|  |TAMS 0x000000051e000000| PB 0x000000051e000000| Untracked |  0
|   61|0x000000051e800000, 0x000000051e800000, 0x000000051f000000|  0%| F|  |TAMS 0x000000051e800000| PB 0x000000051e800000| Untracked |  0
|   62|0x000000051f000000, 0x000000051f184360, 0x000000051f800000| 18%| S|CS|TAMS 0x000000051f000000| PB 0x000000051f000000| Complete  |  0
|   63|0x000000051f800000, 0x0000000520000000, 0x0000000520000000|100%| S|CS|TAMS 0x000000051f800000| PB 0x000000051f800000| Complete  |  0
|   64|0x0000000520000000, 0x0000000520000000, 0x0000000520800000|  0%| F|  |TAMS 0x0000000520000000| PB 0x0000000520000000| Untracked |  0
|   65|0x0000000520800000, 0x0000000520800000, 0x0000000521000000|  0%| F|  |TAMS 0x0000000520800000| PB 0x0000000520800000| Untracked |  0
|   66|0x0000000521000000, 0x0000000521800000, 0x0000000521800000|100%| S|CS|TAMS 0x0000000521000000| PB 0x0000000521000000| Complete  |  0
|   67|0x0000000521800000, 0x0000000522000000, 0x0000000522000000|100%| S|CS|TAMS 0x0000000521800000| PB 0x0000000521800000| Complete  |  0
|   68|0x0000000522000000, 0x0000000522800000, 0x0000000522800000|100%| S|CS|TAMS 0x0000000522000000| PB 0x0000000522000000| Complete  |  0
|   69|0x0000000522800000, 0x0000000523000000, 0x0000000523000000|100%| S|CS|TAMS 0x0000000522800000| PB 0x0000000522800000| Complete  |  0
|   70|0x0000000523000000, 0x0000000523000000, 0x0000000523800000|  0%| F|  |TAMS 0x0000000523000000| PB 0x0000000523000000| Untracked |  0
|   71|0x0000000523800000, 0x0000000523800000, 0x0000000524000000|  0%| F|  |TAMS 0x0000000523800000| PB 0x0000000523800000| Untracked |  0
|   72|0x0000000524000000, 0x0000000524000000, 0x0000000524800000|  0%| F|  |TAMS 0x0000000524000000| PB 0x0000000524000000| Untracked |  0
|   73|0x0000000524800000, 0x0000000524800000, 0x0000000525000000|  0%| F|  |TAMS 0x0000000524800000| PB 0x0000000524800000| Untracked |  0
|   74|0x0000000525000000, 0x0000000525000000, 0x0000000525800000|  0%| F|  |TAMS 0x0000000525000000| PB 0x0000000525000000| Untracked |  0
|   75|0x0000000525800000, 0x0000000525800000, 0x0000000526000000|  0%| F|  |TAMS 0x0000000525800000| PB 0x0000000525800000| Untracked |  0
|   76|0x0000000526000000, 0x0000000526000000, 0x0000000526800000|  0%| F|  |TAMS 0x0000000526000000| PB 0x0000000526000000| Untracked |  0
|   77|0x0000000526800000, 0x0000000526800000, 0x0000000527000000|  0%| F|  |TAMS 0x0000000526800000| PB 0x0000000526800000| Untracked |  0
|   78|0x0000000527000000, 0x0000000527000000, 0x0000000527800000|  0%| F|  |TAMS 0x0000000527000000| PB 0x0000000527000000| Untracked |  0
|   79|0x0000000527800000, 0x0000000527800000, 0x0000000528000000|  0%| F|  |TAMS 0x0000000527800000| PB 0x0000000527800000| Untracked |  0
|   80|0x0000000528000000, 0x0000000528000000, 0x0000000528800000|  0%| F|  |TAMS 0x0000000528000000| PB 0x0000000528000000| Untracked |  0
|   81|0x0000000528800000, 0x0000000528800000, 0x0000000529000000|  0%| F|  |TAMS 0x0000000528800000| PB 0x0000000528800000| Untracked |  0
|   82|0x0000000529000000, 0x0000000529000000, 0x0000000529800000|  0%| F|  |TAMS 0x0000000529000000| PB 0x0000000529000000| Untracked |  0
|   83|0x0000000529800000, 0x0000000529800000, 0x000000052a000000|  0%| F|  |TAMS 0x0000000529800000| PB 0x0000000529800000| Untracked |  0
|   84|0x000000052a000000, 0x000000052a000000, 0x000000052a800000|  0%| F|  |TAMS 0x000000052a000000| PB 0x000000052a000000| Untracked |  0
|   85|0x000000052a800000, 0x000000052a800000, 0x000000052b000000|  0%| F|  |TAMS 0x000000052a800000| PB 0x000000052a800000| Untracked |  0
|   86|0x000000052b000000, 0x000000052b000000, 0x000000052b800000|  0%| F|  |TAMS 0x000000052b000000| PB 0x000000052b000000| Untracked |  0
|   87|0x000000052b800000, 0x000000052b800000, 0x000000052c000000|  0%| F|  |TAMS 0x000000052b800000| PB 0x000000052b800000| Untracked |  0
|   88|0x000000052c000000, 0x000000052c000000, 0x000000052c800000|  0%| F|  |TAMS 0x000000052c000000| PB 0x000000052c000000| Untracked |  0
|   89|0x000000052c800000, 0x000000052c800000, 0x000000052d000000|  0%| F|  |TAMS 0x000000052c800000| PB 0x000000052c800000| Untracked |  0
|   90|0x000000052d000000, 0x000000052d000000, 0x000000052d800000|  0%| F|  |TAMS 0x000000052d000000| PB 0x000000052d000000| Untracked |  0
|   91|0x000000052d800000, 0x000000052d800000, 0x000000052e000000|  0%| F|  |TAMS 0x000000052d800000| PB 0x000000052d800000| Untracked |  0
|   92|0x000000052e000000, 0x000000052e000000, 0x000000052e800000|  0%| F|  |TAMS 0x000000052e000000| PB 0x000000052e000000| Untracked |  0
|   93|0x000000052e800000, 0x000000052e800000, 0x000000052f000000|  0%| F|  |TAMS 0x000000052e800000| PB 0x000000052e800000| Untracked |  0
|   94|0x000000052f000000, 0x000000052f000000, 0x000000052f800000|  0%| F|  |TAMS 0x000000052f000000| PB 0x000000052f000000| Untracked |  0
|   95|0x000000052f800000, 0x000000052f800000, 0x0000000530000000|  0%| F|  |TAMS 0x000000052f800000| PB 0x000000052f800000| Untracked |  0
|   96|0x0000000530000000, 0x0000000530000000, 0x0000000530800000|  0%| F|  |TAMS 0x0000000530000000| PB 0x0000000530000000| Untracked |  0
|   97|0x0000000530800000, 0x0000000530800000, 0x0000000531000000|  0%| F|  |TAMS 0x0000000530800000| PB 0x0000000530800000| Untracked |  0
|   98|0x0000000531000000, 0x0000000531000000, 0x0000000531800000|  0%| F|  |TAMS 0x0000000531000000| PB 0x0000000531000000| Untracked |  0
|   99|0x0000000531800000, 0x0000000531800000, 0x0000000532000000|  0%| F|  |TAMS 0x0000000531800000| PB 0x0000000531800000| Untracked |  0
|  100|0x0000000532000000, 0x0000000532000000, 0x0000000532800000|  0%| F|  |TAMS 0x0000000532000000| PB 0x0000000532000000| Untracked |  0
|  101|0x0000000532800000, 0x0000000532800000, 0x0000000533000000|  0%| F|  |TAMS 0x0000000532800000| PB 0x0000000532800000| Untracked |  0
|  102|0x0000000533000000, 0x0000000533000000, 0x0000000533800000|  0%| F|  |TAMS 0x0000000533000000| PB 0x0000000533000000| Untracked |  0
|  103|0x0000000533800000, 0x0000000533800000, 0x0000000534000000|  0%| F|  |TAMS 0x0000000533800000| PB 0x0000000533800000| Untracked |  0
|  104|0x0000000534000000, 0x0000000534000000, 0x0000000534800000|  0%| F|  |TAMS 0x0000000534000000| PB 0x0000000534000000| Untracked |  0
|  105|0x0000000534800000, 0x0000000534800000, 0x0000000535000000|  0%| F|  |TAMS 0x0000000534800000| PB 0x0000000534800000| Untracked |  0
|  106|0x0000000535000000, 0x0000000535000000, 0x0000000535800000|  0%| F|  |TAMS 0x0000000535000000| PB 0x0000000535000000| Untracked |  0
|  107|0x0000000535800000, 0x0000000535800000, 0x0000000536000000|  0%| F|  |TAMS 0x0000000535800000| PB 0x0000000535800000| Untracked |  0
|  108|0x0000000536000000, 0x0000000536000000, 0x0000000536800000|  0%| F|  |TAMS 0x0000000536000000| PB 0x0000000536000000| Untracked |  0
|  109|0x0000000536800000, 0x0000000536800000, 0x0000000537000000|  0%| F|  |TAMS 0x0000000536800000| PB 0x0000000536800000| Untracked |  0
|  110|0x0000000537000000, 0x0000000537000000, 0x0000000537800000|  0%| F|  |TAMS 0x0000000537000000| PB 0x0000000537000000| Untracked |  0
|  111|0x0000000537800000, 0x0000000537800000, 0x0000000538000000|  0%| F|  |TAMS 0x0000000537800000| PB 0x0000000537800000| Untracked |  0
|  112|0x0000000538000000, 0x0000000538000000, 0x0000000538800000|  0%| F|  |TAMS 0x0000000538000000| PB 0x0000000538000000| Untracked |  0
|  113|0x0000000538800000, 0x0000000538800000, 0x0000000539000000|  0%| F|  |TAMS 0x0000000538800000| PB 0x0000000538800000| Untracked |  0
|  114|0x0000000539000000, 0x0000000539000000, 0x0000000539800000|  0%| F|  |TAMS 0x0000000539000000| PB 0x0000000539000000| Untracked |  0
|  115|0x0000000539800000, 0x0000000539800000, 0x000000053a000000|  0%| F|  |TAMS 0x0000000539800000| PB 0x0000000539800000| Untracked |  0
|  116|0x000000053a000000, 0x000000053a000000, 0x000000053a800000|  0%| F|  |TAMS 0x000000053a000000| PB 0x000000053a000000| Untracked |  0
|  117|0x000000053a800000, 0x000000053a800000, 0x000000053b000000|  0%| F|  |TAMS 0x000000053a800000| PB 0x000000053a800000| Untracked |  0
|  118|0x000000053b000000, 0x000000053b000000, 0x000000053b800000|  0%| F|  |TAMS 0x000000053b000000| PB 0x000000053b000000| Untracked |  0
|  119|0x000000053b800000, 0x000000053b800000, 0x000000053c000000|  0%| F|  |TAMS 0x000000053b800000| PB 0x000000053b800000| Untracked |  0
|  120|0x000000053c000000, 0x000000053c000000, 0x000000053c800000|  0%| F|  |TAMS 0x000000053c000000| PB 0x000000053c000000| Untracked |  0
|  121|0x000000053c800000, 0x000000053c800000, 0x000000053d000000|  0%| F|  |TAMS 0x000000053c800000| PB 0x000000053c800000| Untracked |  0
|  122|0x000000053d000000, 0x000000053d000000, 0x000000053d800000|  0%| F|  |TAMS 0x000000053d000000| PB 0x000000053d000000| Untracked |  0
|  123|0x000000053d800000, 0x000000053d800000, 0x000000053e000000|  0%| F|  |TAMS 0x000000053d800000| PB 0x000000053d800000| Untracked |  0
|  124|0x000000053e000000, 0x000000053e000000, 0x000000053e800000|  0%| F|  |TAMS 0x000000053e000000| PB 0x000000053e000000| Untracked |  0
|  125|0x000000053e800000, 0x000000053e800000, 0x000000053f000000|  0%| F|  |TAMS 0x000000053e800000| PB 0x000000053e800000| Untracked |  0
|  126|0x000000053f000000, 0x000000053f000000, 0x000000053f800000|  0%| F|  |TAMS 0x000000053f000000| PB 0x000000053f000000| Untracked |  0
|  127|0x000000053f800000, 0x000000053f800000, 0x0000000540000000|  0%| F|  |TAMS 0x000000053f800000| PB 0x000000053f800000| Untracked |  0
|  128|0x0000000540000000, 0x0000000540000000, 0x0000000540800000|  0%| F|  |TAMS 0x0000000540000000| PB 0x0000000540000000| Untracked |  0
|  129|0x0000000540800000, 0x0000000540800000, 0x0000000541000000|  0%| F|  |TAMS 0x0000000540800000| PB 0x0000000540800000| Untracked |  0
|  130|0x0000000541000000, 0x0000000541000000, 0x0000000541800000|  0%| F|  |TAMS 0x0000000541000000| PB 0x0000000541000000| Untracked |  0
|  131|0x0000000541800000, 0x0000000541800000, 0x0000000542000000|  0%| F|  |TAMS 0x0000000541800000| PB 0x0000000541800000| Untracked |  0
|  132|0x0000000542000000, 0x0000000542000000, 0x0000000542800000|  0%| F|  |TAMS 0x0000000542000000| PB 0x0000000542000000| Untracked |  0
|  133|0x0000000542800000, 0x0000000542800000, 0x0000000543000000|  0%| F|  |TAMS 0x0000000542800000| PB 0x0000000542800000| Untracked |  0
|  134|0x0000000543000000, 0x0000000543000000, 0x0000000543800000|  0%| F|  |TAMS 0x0000000543000000| PB 0x0000000543000000| Untracked |  0
|  135|0x0000000543800000, 0x0000000543800000, 0x0000000544000000|  0%| F|  |TAMS 0x0000000543800000| PB 0x0000000543800000| Untracked |  0
|  136|0x0000000544000000, 0x0000000544000000, 0x0000000544800000|  0%| F|  |TAMS 0x0000000544000000| PB 0x0000000544000000| Untracked |  0
|  137|0x0000000544800000, 0x0000000544800000, 0x0000000545000000|  0%| F|  |TAMS 0x0000000544800000| PB 0x0000000544800000| Untracked |  0
|  138|0x0000000545000000, 0x0000000545000000, 0x0000000545800000|  0%| F|  |TAMS 0x0000000545000000| PB 0x0000000545000000| Untracked |  0
|  139|0x0000000545800000, 0x0000000545800000, 0x0000000546000000|  0%| F|  |TAMS 0x0000000545800000| PB 0x0000000545800000| Untracked |  0
|  140|0x0000000546000000, 0x0000000546000000, 0x0000000546800000|  0%| F|  |TAMS 0x0000000546000000| PB 0x0000000546000000| Untracked |  0
|  141|0x0000000546800000, 0x0000000546800000, 0x0000000547000000|  0%| F|  |TAMS 0x0000000546800000| PB 0x0000000546800000| Untracked |  0
|  142|0x0000000547000000, 0x0000000547000000, 0x0000000547800000|  0%| F|  |TAMS 0x0000000547000000| PB 0x0000000547000000| Untracked |  0
|  143|0x0000000547800000, 0x0000000547800000, 0x0000000548000000|  0%| F|  |TAMS 0x0000000547800000| PB 0x0000000547800000| Untracked |  0
|  144|0x0000000548000000, 0x0000000548000000, 0x0000000548800000|  0%| F|  |TAMS 0x0000000548000000| PB 0x0000000548000000| Untracked |  0
|  145|0x0000000548800000, 0x0000000548800000, 0x0000000549000000|  0%| F|  |TAMS 0x0000000548800000| PB 0x0000000548800000| Untracked |  0
|  146|0x0000000549000000, 0x0000000549000000, 0x0000000549800000|  0%| F|  |TAMS 0x0000000549000000| PB 0x0000000549000000| Untracked |  0
|  147|0x0000000549800000, 0x0000000549800000, 0x000000054a000000|  0%| F|  |TAMS 0x0000000549800000| PB 0x0000000549800000| Untracked |  0
|  148|0x000000054a000000, 0x000000054a000000, 0x000000054a800000|  0%| F|  |TAMS 0x000000054a000000| PB 0x000000054a000000| Untracked |  0
|  149|0x000000054a800000, 0x000000054a800000, 0x000000054b000000|  0%| F|  |TAMS 0x000000054a800000| PB 0x000000054a800000| Untracked |  0
|  150|0x000000054b000000, 0x000000054b000000, 0x000000054b800000|  0%| F|  |TAMS 0x000000054b000000| PB 0x000000054b000000| Untracked |  0
|  151|0x000000054b800000, 0x000000054b800000, 0x000000054c000000|  0%| F|  |TAMS 0x000000054b800000| PB 0x000000054b800000| Untracked |  0
|  152|0x000000054c000000, 0x000000054c000000, 0x000000054c800000|  0%| F|  |TAMS 0x000000054c000000| PB 0x000000054c000000| Untracked |  0
|  153|0x000000054c800000, 0x000000054c800000, 0x000000054d000000|  0%| F|  |TAMS 0x000000054c800000| PB 0x000000054c800000| Untracked |  0
|  154|0x000000054d000000, 0x000000054d000000, 0x000000054d800000|  0%| F|  |TAMS 0x000000054d000000| PB 0x000000054d000000| Untracked |  0
|  155|0x000000054d800000, 0x000000054d800000, 0x000000054e000000|  0%| F|  |TAMS 0x000000054d800000| PB 0x000000054d800000| Untracked |  0
|  156|0x000000054e000000, 0x000000054e000000, 0x000000054e800000|  0%| F|  |TAMS 0x000000054e000000| PB 0x000000054e000000| Untracked |  0
|  157|0x000000054e800000, 0x000000054e800000, 0x000000054f000000|  0%| F|  |TAMS 0x000000054e800000| PB 0x000000054e800000| Untracked |  0
|  158|0x000000054f000000, 0x000000054f000000, 0x000000054f800000|  0%| F|  |TAMS 0x000000054f000000| PB 0x000000054f000000| Untracked |  0
|  159|0x000000054f800000, 0x000000054f800000, 0x0000000550000000|  0%| F|  |TAMS 0x000000054f800000| PB 0x000000054f800000| Untracked |  0
|  160|0x0000000550000000, 0x0000000550000000, 0x0000000550800000|  0%| F|  |TAMS 0x0000000550000000| PB 0x0000000550000000| Untracked |  0
| 1535|0x00000007ff800000, 0x00000007ff928d80, 0x0000000800000000| 14%| O|  |TAMS 0x00000007ff800000| PB 0x00000007ff800000| Untracked |  0

Card table byte_map: [0x0000019a2dc10000,0x0000019a2f410000] _byte_map_base: 0x0000019a2b410000
Refinement table byte_map: [0x0000019a2c410000,0x0000019a2dc10000] _byte_map_base: 0x0000019a29c10000

Marking Bits: (CMBitMap*) 0x0000019a12a8bf10
 Bits: [0x0000019a2f410000, 0x0000019a3b410000)

Polling page: 0x0000019a107f0000

Metaspace:
Metaspace        used 1726K, committed 1920K, reserved 1114112K
 class space     used 100K, committed 192K, reserved 1048576K

Usage:
  Non-class:      1.59 MB used.
      Class:    100.93 KB used.
       Both:      1.69 MB used.

Virtual space:
  Non-class space:       64.00 MB reserved,       1.69 MB (  3%) committed,  1 nodes.
      Class space:        1.00 GB reserved,     192.00 KB ( <1%) committed,  1 nodes.
             Both:        1.06 GB reserved,       1.88 MB ( <1%) committed. 

Chunk freelists:
   Non-Class:  11.47 MB
       Class:  15.68 MB
        Both:  27.15 MB

MaxMetaspaceSize: unlimited
CompressedClassSpaceSize: 1.00 GB
Initial GC threshold: 21.00 MB
Current GC threshold: 21.00 MB
CDS: on
 - commit_granule_bytes: 65536.
 - commit_granule_words: 8192.
 - virtual_space_node_default_size: 8388608.
 - enlarge_chunks_in_place: 1.
UseCompressedClassPointers 1, UseCompactObjectHeaders 0
Narrow klass pointer bits 32, Max shift 3
Narrow klass base: 0x0000000039000000, Narrow klass shift: 0
Encoding Range: [0x0000000039000000 - 0x0000000139000000), (4294967296 bytes)
Klass Range:    [0x0000000039000000 - 0x000000007a000000), (1090519040 bytes)
Klass ID Range:  [8 - 1090519033) (1090519025)
Protection zone: [0x0000000039000000 - 0x0000000039010000), (65536 bytes)


Internal statistics:

num_allocs_failed_limit: 0.
num_arena_births: 48.
num_arena_deaths: 0.
num_vsnodes_births: 2.
num_vsnodes_deaths: 0.
num_space_committed: 30.
num_space_uncommitted: 0.
num_chunks_returned_to_freelist: 0.
num_chunks_taken_from_freelist: 101.
num_chunk_merges: 0.
num_chunk_splits: 59.
num_chunks_enlarged: 27.
num_inconsistent_stats: 0.

CodeHeap 'non-profiled nmethods': size=120064Kb used=1151Kb max_used=1151Kb free=118912Kb
 bounds [0x0000019a23180000, 0x0000019a233f0000, 0x0000019a2a6c0000]
CodeHeap 'profiled nmethods': size=120064Kb used=1951Kb max_used=1951Kb free=118112Kb
 bounds [0x0000019a1b6a0000, 0x0000019a1b910000, 0x0000019a22be0000]
CodeHeap 'non-nmethods': size=5760Kb used=1305Kb max_used=1437Kb free=4454Kb
 bounds [0x0000019a22be0000, 0x0000019a22e50000, 0x0000019a23180000]
CodeCache: size=245888Kb, used=4407Kb, max_used=4539Kb, free=241478Kb
 total_blobs=1853, nmethods=1434, adapters=324, full_count=0
Compilation: enabled, stopped_count=0, restarted_count=0

Compilation events (20 events):
Event: 19.875 Thread 0x0000019a3da14b10 1425       4       routing.CCRoutingExpert::changedConnection (96 bytes)
Event: 19.900 Thread 0x0000019a3da14b10 nmethod 1425 0x0000019a2329da88 code [0x0000019a2329dba0, 0x0000019a2329f360]
Event: 21.166 Thread 0x0000019a3da1e080 1426       3       jdk.internal.util.DecimalDigits::uncheckedPutPairLatin1 (31 bytes)
Event: 21.166 Thread 0x0000019a3da1e080 nmethod 1426 0x0000019a1b883988 code [0x0000019a1b883a80, 0x0000019a1b883c00]
Event: 24.764 Thread 0x0000019a3da14b10 1427       4       java.util.Random::nextDouble (24 bytes)
Event: 24.766 Thread 0x0000019a3da14b10 nmethod 1427 0x0000019a2329f388 code [0x0000019a2329f4a0, 0x0000019a2329f610]
Event: 36.870 Thread 0x0000019a3da1e080 1428       1       core.Message::getResponseSize (5 bytes)
Event: 36.875 Thread 0x0000019a3da1e080 nmethod 1428 0x0000019a2329f688 code [0x0000019a2329f780, 0x0000019a2329f838]
Event: 61.114 Thread 0x0000019a3da1e080 1429       3       ui.DTNSimTextUI::update (109 bytes)
Event: 61.122 Thread 0x0000019a3da1e080 nmethod 1429 0x0000019a1b883c88 code [0x0000019a1b883da0, 0x0000019a1b8854d8]
Event: 66.978 Thread 0x0000019a3da1e080 1430       3       java.lang.invoke.DirectMethodHandle$Holder::invokeSpecial (18 bytes)
Event: 66.979 Thread 0x0000019a3da1e080 nmethod 1430 0x0000019a1b885508 code [0x0000019a1b885600, 0x0000019a1b885af8]
Event: 66.979 Thread 0x0000019a3da1e080 1431       3       java.lang.String$$StringConcat/0x000000003a049800::concat (79 bytes)
Event: 66.985 Thread 0x0000019a3da1e080 nmethod 1431 0x0000019a1b885b08 code [0x0000019a1b885c00, 0x0000019a1b887240]
Event: 66.985 Thread 0x0000019a3da1e080 1432       3       java.lang.String$$StringConcat/0x000000003a049800::coder (7 bytes)
Event: 66.985 Thread 0x0000019a3da1e080 nmethod 1432 0x0000019a1b887288 code [0x0000019a1b887380, 0x0000019a1b887568]
Event: 66.985 Thread 0x0000019a3da1e080 1433       3       java.lang.String$$StringConcat/0x000000003a049800::length (10 bytes)
Event: 66.985 Thread 0x0000019a3da1e080 nmethod 1433 0x0000019a1b887588 code [0x0000019a1b887680, 0x0000019a1b887ce8]
Event: 70.903 Thread 0x0000019a3da14b10 1434       4       routing.ActiveRouter::isSending (58 bytes)
Event: 70.943 Thread 0x0000019a3da14b10 nmethod 1434 0x0000019a2329f988 code [0x0000019a2329fa80, 0x0000019a2329fcd0]

GC Heap Usage History (20 events):
Event: 56.281 {heap After GC invocations=55 (full 0):
 garbage-first heap   total reserved 12582912K, committed 1327104K, used 92016K [0x0000000500000000, 0x0000000800000000)
  region size 8M, 0 eden (0M), 5 survivor (40M), 8 old (64M), 0 humongous (0M), 149 free (1192M)
}
Event: 58.280 {heap Before GC invocations=55 (full 0):
 garbage-first heap   total reserved 12582912K, committed 1327104K, used 845680K [0x0000000500000000, 0x0000000800000000)
  region size 8M, 92 eden (736M), 5 survivor (40M), 8 old (64M), 0 humongous (0M), 57 free (456M)
}
Event: 58.301 {heap After GC invocations=56 (full 0):
 garbage-first heap   total reserved 12582912K, committed 1327104K, used 94877K [0x0000000500000000, 0x0000000800000000)
  region size 8M, 0 eden (0M), 6 survivor (48M), 8 old (64M), 0 humongous (0M), 148 free (1184M)
}
Event: 60.135 {heap Before GC invocations=56 (full 0):
 garbage-first heap   total reserved 12582912K, committed 1327104K, used 840349K [0x0000000500000000, 0x0000000800000000)
  region size 8M, 91 eden (728M), 6 survivor (48M), 8 old (64M), 0 humongous (0M), 57 free (456M)
}
Event: 60.157 {heap After GC invocations=57 (full 0):
 garbage-first heap   total reserved 12582912K, committed 1327104K, used 96331K [0x0000000500000000, 0x0000000800000000)
  region size 8M, 0 eden (0M), 6 survivor (48M), 8 old (64M), 0 humongous (0M), 148 free (1184M)
}
Event: 62.154 {heap Before GC invocations=57 (full 0):
 garbage-first heap   total reserved 12582912K, committed 1327104K, used 841803K [0x0000000500000000, 0x0000000800000000)
  region size 8M, 91 eden (728M), 6 survivor (48M), 8 old (64M), 0 humongous (0M), 57 free (456M)
}
Event: 62.176 {heap After GC invocations=58 (full 0):
 garbage-first heap   total reserved 12582912K, committed 1327104K, used 96825K [0x0000000500000000, 0x0000000800000000)
  region size 8M, 0 eden (0M), 6 survivor (48M), 8 old (64M), 0 humongous (0M), 148 free (1184M)
}
Event: 63.956 {heap Before GC invocations=58 (full 0):
 garbage-first heap   total reserved 12582912K, committed 1327104K, used 842297K [0x0000000500000000, 0x0000000800000000)
  region size 8M, 91 eden (728M), 6 survivor (48M), 8 old (64M), 0 humongous (0M), 57 free (456M)
}
Event: 63.981 {heap After GC invocations=59 (full 0):
 garbage-first heap   total reserved 12582912K, committed 1327104K, used 98021K [0x0000000500000000, 0x0000000800000000)
  region size 8M, 0 eden (0M), 6 survivor (48M), 8 old (64M), 0 humongous (0M), 148 free (1184M)
}
Event: 65.554 {heap Before GC invocations=59 (full 0):
 garbage-first heap   total reserved 12582912K, committed 1327104K, used 843493K [0x0000000500000000, 0x0000000800000000)
  region size 8M, 91 eden (728M), 6 survivor (48M), 8 old (64M), 0 humongous (0M), 57 free (456M)
}
Event: 65.878 {heap After GC invocations=60 (full 0):
 garbage-first heap   total reserved 12582912K, committed 1327104K, used 102976K [0x0000000500000000, 0x0000000800000000)
  region size 8M, 0 eden (0M), 6 survivor (48M), 8 old (64M), 0 humongous (0M), 148 free (1184M)
}
Event: 67.648 {heap Before GC invocations=60 (full 0):
 garbage-first heap   total reserved 12582912K, committed 1327104K, used 848448K [0x0000000500000000, 0x0000000800000000)
  region size 8M, 91 eden (728M), 6 survivor (48M), 8 old (64M), 0 humongous (0M), 57 free (456M)
}
Event: 67.670 {heap After GC invocations=61 (full 0):
 garbage-first heap   total reserved 12582912K, committed 1327104K, used 101063K [0x0000000500000000, 0x0000000800000000)
  region size 8M, 0 eden (0M), 6 survivor (48M), 9 old (72M), 0 humongous (0M), 147 free (1176M)
}
Event: 69.489 {heap Before GC invocations=61 (full 0):
 garbage-first heap   total reserved 12582912K, committed 1327104K, used 846535K [0x0000000500000000, 0x0000000800000000)
  region size 8M, 91 eden (728M), 6 survivor (48M), 9 old (72M), 0 humongous (0M), 56 free (448M)
}
Event: 69.512 {heap After GC invocations=62 (full 0):
 garbage-first heap   total reserved 12582912K, committed 1327104K, used 102049K [0x0000000500000000, 0x0000000800000000)
  region size 8M, 0 eden (0M), 6 survivor (48M), 9 old (72M), 0 humongous (0M), 147 free (1176M)
}
Event: 71.517 {heap Before GC invocations=62 (full 0):
 garbage-first heap   total reserved 12582912K, committed 1327104K, used 847521K [0x0000000500000000, 0x0000000800000000)
  region size 8M, 91 eden (728M), 6 survivor (48M), 9 old (72M), 0 humongous (0M), 56 free (448M)
}
Event: 71.538 {heap After GC invocations=63 (full 0):
 garbage-first heap   total reserved 12582912K, committed 1327104K, used 103802K [0x0000000500000000, 0x0000000800000000)
  region size 8M, 0 eden (0M), 6 survivor (48M), 9 old (72M), 0 humongous (0M), 147 free (1176M)
}
Event: 73.409 {heap Before GC invocations=63 (full 0):
 garbage-first heap   total reserved 12582912K, committed 1327104K, used 849274K [0x0000000500000000, 0x0000000800000000)
  region size 8M, 91 eden (728M), 6 survivor (48M), 9 old (72M), 0 humongous (0M), 56 free (448M)
}
Event: 73.432 {heap After GC invocations=64 (full 0):
 garbage-first heap   total reserved 12582912K, committed 1327104K, used 103895K [0x0000000500000000, 0x0000000800000000)
  region size 8M, 0 eden (0M), 6 survivor (48M), 9 old (72M), 0 humongous (0M), 147 free (1176M)
}
Event: 75.412 {heap Before GC invocations=64 (full 0):
 garbage-first heap   total reserved 12582912K, committed 1327104K, used 849367K [0x0000000500000000, 0x0000000800000000)
  region size 8M, 91 eden (728M), 6 survivor (48M), 9 old (72M), 0 humongous (0M), 56 free (448M)
}

Metaspace Usage History (20 events):
Event: 56.281 {metaspace After GC invocations=55 (full 0):
 Metaspace       used 1706K, committed 1920K, reserved 1114112K
  class space    used 99K, committed 192K, reserved 1048576K
}
Event: 58.280 {metaspace Before GC invocations=55 (full 0):
 Metaspace       used 1706K, committed 1920K, reserved 1114112K
  class space    used 99K, committed 192K, reserved 1048576K
}
Event: 58.301 {metaspace After GC invocations=56 (full 0):
 Metaspace       used 1706K, committed 1920K, reserved 1114112K
  class space    used 99K, committed 192K, reserved 1048576K
}
Event: 60.135 {metaspace Before GC invocations=56 (full 0):
 Metaspace       used 1706K, committed 1920K, reserved 1114112K
  class space    used 99K, committed 192K, reserved 1048576K
}
Event: 60.157 {metaspace After GC invocations=57 (full 0):
 Metaspace       used 1706K, committed 1920K, reserved 1114112K
  class space    used 99K, committed 192K, reserved 1048576K
}
Event: 62.154 {metaspace Before GC invocations=57 (full 0):
 Metaspace       used 1724K, committed 1920K, reserved 1114112K
  class space    used 100K, committed 192K, reserved 1048576K
}
Event: 62.176 {metaspace After GC invocations=58 (full 0):
 Metaspace       used 1724K, committed 1920K, reserved 1114112K
  class space    used 100K, committed 192K, reserved 1048576K
}
Event: 63.956 {metaspace Before GC invocations=58 (full 0):
 Metaspace       used 1724K, committed 1920K, reserved 1114112K
  class space    used 100K, committed 192K, reserved 1048576K
}
Event: 63.981 {metaspace After GC invocations=59 (full 0):
 Metaspace       used 1724K, committed 1920K, reserved 1114112K
  class space    used 100K, committed 192K, reserved 1048576K
}
Event: 65.554 {metaspace Before GC invocations=59 (full 0):
 Metaspace       used 1724K, committed 1920K, reserved 1114112K
  class space    used 100K, committed 192K, reserved 1048576K
}
Event: 65.878 {metaspace After GC invocations=60 (full 0):
 Metaspace       used 1724K, committed 1920K, reserved 1114112K
  class space    used 100K, committed 192K, reserved 1048576K
}
Event: 67.648 {metaspace Before GC invocations=60 (full 0):
 Metaspace       used 1726K, committed 1920K, reserved 1114112K
  class space    used 100K, committed 192K, reserved 1048576K
}
Event: 67.670 {metaspace After GC invocations=61 (full 0):
 Metaspace       used 1726K, committed 1920K, reserved 1114112K
  class space    used 100K, committed 192K, reserved 1048576K
}
Event: 69.489 {metaspace Before GC invocations=61 (full 0):
 Metaspace       used 1726K, committed 1920K, reserved 1114112K
  class space    used 100K, committed 192K, reserved 1048576K
}
Event: 69.512 {metaspace After GC invocations=62 (full 0):
 Metaspace       used 1726K, committed 1920K, reserved 1114112K
  class space    used 100K, committed 192K, reserved 1048576K
}
Event: 71.517 {metaspace Before GC invocations=62 (full 0):
 Metaspace       used 1726K, committed 1920K, reserved 1114112K
  class space    used 100K, committed 192K, reserved 1048576K
}
Event: 71.538 {metaspace After GC invocations=63 (full 0):
 Metaspace       used 1726K, committed 1920K, reserved 1114112K
  class space    used 100K, committed 192K, reserved 1048576K
}
Event: 73.409 {metaspace Before GC invocations=63 (full 0):
 Metaspace       used 1726K, committed 1920K, reserved 1114112K
  class space    used 100K, committed 192K, reserved 1048576K
}
Event: 73.432 {metaspace After GC invocations=64 (full 0):
 Metaspace       used 1726K, committed 1920K, reserved 1114112K
  class space    used 100K, committed 192K, reserved 1048576K
}
Event: 75.412 {metaspace Before GC invocations=64 (full 0):
 Metaspace       used 1726K, committed 1920K, reserved 1114112K
  class space    used 100K, committed 192K, reserved 1048576K
}

Dll operation events (8 events):
Event: 0.012 Attempting to load shared library C:\Program Files\Java\jdk-26.0.1\bin\java.dll
Event: 0.014 Loaded shared library C:\Program Files\Java\jdk-26.0.1\bin\java.dll
Event: 0.101 Attempting to load shared library C:\Program Files\Java\jdk-26.0.1\bin\jimage.dll
Event: 0.101 Loaded shared library C:\Program Files\Java\jdk-26.0.1\bin\jimage.dll
Event: 0.103 Attempting to load shared library C:\Program Files\Java\jdk-26.0.1\bin\net.dll
Event: 0.103 Loaded shared library C:\Program Files\Java\jdk-26.0.1\bin\net.dll
Event: 0.106 Attempting to load shared library C:\Program Files\Java\jdk-26.0.1\bin\nio.dll
Event: 0.108 Loaded shared library C:\Program Files\Java\jdk-26.0.1\bin\nio.dll

Deoptimization events (20 events):
Event: 12.378 Thread 0x0000019a10651850 DEOPT PACKING pc=0x0000019a23274a54 sp=0x000000097a7ff150
Event: 12.378 Thread 0x0000019a10651850 DEOPT UNPACKING pc=0x0000019a22d03582 sp=0x000000097a7ff048 mode 2
Event: 13.714 Thread 0x0000019a10651850 DEOPT PACKING pc=0x0000019a1b800696 sp=0x000000097a7ff0e0
Event: 13.714 Thread 0x0000019a10651850 DEOPT UNPACKING pc=0x0000019a22c31a02 sp=0x000000097a7fe5c8 mode 0
Event: 60.449 Thread 0x0000019a10651850 Uncommon trap: trap_request=0xffffff45 fr.pc=0x0000019a23251df8 relative=0x00000000000000d8
Event: 60.451 Thread 0x0000019a10651850 Uncommon trap: reason=unstable_if action=reinterpret pc=0x0000019a23251df8 method=ui.DTNSimTextUI.update(Z)V @ 35 c2
Event: 60.453 Thread 0x0000019a10651850 DEOPT PACKING pc=0x0000019a23251df8 sp=0x000000097a7ff330
Event: 60.455 Thread 0x0000019a10651850 DEOPT UNPACKING pc=0x0000019a22d03582 sp=0x000000097a7ff2c0 mode 2
Event: 60.503 Thread 0x0000019a10651850 Uncommon trap: trap_request=0xffffff45 fr.pc=0x0000019a231c79d4 relative=0x0000000000001554
Event: 60.503 Thread 0x0000019a10651850 Uncommon trap: reason=unstable_if action=reinterpret pc=0x0000019a231c79d4 method=jdk.internal.math.DoubleToDecimal.toChars([BIJILjdk/internal/math/FormattedFPDecimal;ZZ)I @ 27 c2
Event: 60.504 Thread 0x0000019a10651850 DEOPT PACKING pc=0x0000019a231c79d4 sp=0x000000097a7fec90
Event: 60.504 Thread 0x0000019a10651850 DEOPT UNPACKING pc=0x0000019a22d03582 sp=0x000000097a7fea80 mode 2
Event: 60.513 Thread 0x0000019a10651850 Uncommon trap: trap_request=0xffffff45 fr.pc=0x0000019a231c627c relative=0x00000000000007fc
Event: 60.513 Thread 0x0000019a10651850 Uncommon trap: reason=unstable_if action=reinterpret pc=0x0000019a231c627c method=jdk.internal.math.DoubleToDecimal.toChars([BIJILjdk/internal/math/FormattedFPDecimal;ZZ)I @ 27 c2
Event: 60.513 Thread 0x0000019a10651850 DEOPT PACKING pc=0x0000019a231c627c sp=0x000000097a7feae0
Event: 60.513 Thread 0x0000019a10651850 DEOPT UNPACKING pc=0x0000019a22d03582 sp=0x000000097a7fea70 mode 2
Event: 60.513 Thread 0x0000019a10651850 Uncommon trap: trap_request=0xffffff45 fr.pc=0x0000019a231b295c relative=0x000000000000005c
Event: 60.513 Thread 0x0000019a10651850 Uncommon trap: reason=unstable_if action=reinterpret pc=0x0000019a231b295c method=java.lang.AbstractStringBuilder.ensureCapacitySameCoder([BBI)[B @ 8 c2
Event: 60.514 Thread 0x0000019a10651850 DEOPT PACKING pc=0x0000019a231b295c sp=0x000000097a7fef10
Event: 60.514 Thread 0x0000019a10651850 DEOPT UNPACKING pc=0x0000019a22d03582 sp=0x000000097a7feea8 mode 2

Classes loaded (20 events):
Event: 0.306 Loading class java/lang/IllegalStateException
Event: 0.306 Loading class java/lang/IllegalStateException done
Event: 0.324 Loading class java/lang/Math$RandomNumberGeneratorHolder
Event: 0.324 Loading class java/lang/Math$RandomNumberGeneratorHolder done
Event: 0.344 Loading class jdk/internal/math/FormattedFPDecimal
Event: 0.344 Loading class jdk/internal/math/FormattedFPDecimal done
Event: 0.406 Loading class java/io/FileWriter
Event: 0.406 Loading class java/io/FileWriter done
Event: 0.412 Loading class java/io/PrintWriter
Event: 0.412 Loading class java/io/PrintWriter done
Event: 0.452 Loading class java/util/LinkedList$ListItr
Event: 0.452 Loading class java/util/LinkedList$ListItr done
Event: 0.452 Loading class java/util/PriorityQueue
Event: 0.452 Loading class java/util/AbstractQueue
Event: 0.452 Loading class java/util/AbstractQueue done
Event: 0.452 Loading class java/util/PriorityQueue done
Event: 60.473 Loading class java/util/Formatter$FormatSpecifierParser
Event: 60.484 Loading class java/util/Formatter$FormatSpecifierParser done
Event: 60.498 Loading class java/util/Formatter$FixedString
Event: 60.500 Loading class java/util/Formatter$FixedString done

Classes unloaded (0 events):
No events

Classes redefined (0 events):
No events

Internal exceptions (4 events):
Event: 0.139 Thread 0x0000019a10651850 Exception <a 'java/lang/NoSuchMethodError'{0x00000005001c77d8}: 'java.lang.Object java.lang.invoke.DirectMethodHandle$Holder.invokeSpecial(java.lang.Object, java.lang.Object, double, double)'> (0x00000005001c77d8) 
thrown [s\open\src\hotspot\share\interpreter\linkResolver.cpp, line 804]
Event: 0.141 Thread 0x0000019a10651850 Exception <a 'java/lang/NoSuchMethodError'{0x00000005001d80b0}: 'java.lang.Object java.lang.invoke.DelegatingMethodHandle$Holder.reinvoke_L(java.lang.Object, java.lang.Object, double, double)'> (0x00000005001d80b0) 
thrown [s\open\src\hotspot\share\interpreter\linkResolver.cpp, line 804]
Event: 2.069 Thread 0x0000019a10651850 Implicit null exception at 0x0000019a2325d6bd to 0x0000019a2325da68
Event: 3.143 Thread 0x0000019a10651850 Implicit null exception at 0x0000019a232347fd to 0x0000019a23235988

VM Operations (20 events):
Event: 60.035 Executing non-safepoint VM operation: HandshakeAllThreads (DeflationHandshakeClosure) done
Event: 60.035 Executing non-safepoint VM operation: RendezvousGCThreads
Event: 60.035 Executing non-safepoint VM operation: RendezvousGCThreads done
Event: 60.135 Executing safepoint VM operation: G1CollectForAllocation (G1 Evacuation Pause)
Event: 60.157 Executing safepoint VM operation: G1CollectForAllocation (G1 Evacuation Pause) done
Event: 62.154 Executing safepoint VM operation: G1CollectForAllocation (G1 Evacuation Pause)
Event: 62.177 Executing safepoint VM operation: G1CollectForAllocation (G1 Evacuation Pause) done
Event: 63.956 Executing safepoint VM operation: G1CollectForAllocation (G1 Evacuation Pause)
Event: 63.981 Executing safepoint VM operation: G1CollectForAllocation (G1 Evacuation Pause) done
Event: 65.554 Executing safepoint VM operation: G1CollectForAllocation (G1 Evacuation Pause)
Event: 65.878 Executing safepoint VM operation: G1CollectForAllocation (G1 Evacuation Pause) done
Event: 67.648 Executing safepoint VM operation: G1CollectForAllocation (G1 Evacuation Pause)
Event: 67.670 Executing safepoint VM operation: G1CollectForAllocation (G1 Evacuation Pause) done
Event: 69.489 Executing safepoint VM operation: G1CollectForAllocation (G1 Evacuation Pause)
Event: 69.512 Executing safepoint VM operation: G1CollectForAllocation (G1 Evacuation Pause) done
Event: 71.517 Executing safepoint VM operation: G1CollectForAllocation (G1 Evacuation Pause)
Event: 71.538 Executing safepoint VM operation: G1CollectForAllocation (G1 Evacuation Pause) done
Event: 73.408 Executing safepoint VM operation: G1CollectForAllocation (G1 Evacuation Pause)
Event: 73.432 Executing safepoint VM operation: G1CollectForAllocation (G1 Evacuation Pause) done
Event: 75.412 Executing safepoint VM operation: G1CollectForAllocation (G1 Evacuation Pause)

Memory protections (0 events):
No events

Nmethod flushes (0 events):
No events

Events (15 events):
Event: 0.025 Thread 0x0000019a10651850 Thread added: 0x0000019a10651850
Event: 0.038 Thread 0x0000019a10651850 Thread added: 0x0000019a3d9dc2d0
Event: 0.038 Thread 0x0000019a10651850 Thread added: 0x0000019a3d9dcd20
Event: 0.039 Thread 0x0000019a10651850 Thread added: 0x0000019a3d9e4950
Event: 0.039 Thread 0x0000019a10651850 Thread added: 0x0000019a3d9e5500
Event: 0.039 Thread 0x0000019a10651850 Thread added: 0x0000019a3d9e6c20
Event: 0.039 Thread 0x0000019a10651850 Thread added: 0x0000019a3d9e9a90
Event: 0.039 Thread 0x0000019a10651850 Thread added: 0x0000019a3da14b10
Event: 0.039 Thread 0x0000019a10651850 Thread added: 0x0000019a3da1e080
Event: 0.045 Thread 0x0000019a10651850 Thread added: 0x0000019a3e14c490
Event: 0.049 Thread 0x0000019a10651850 Thread added: 0x0000019a3e14f1e0
Event: 0.171 Thread 0x0000019a3da14b10 Thread added: 0x0000019a3e3f5510
Event: 0.173 Thread 0x0000019a3e3f5510 Thread added: 0x0000019a3e3ef520
Event: 2.068 Thread 0x0000019a3e3ef520 Thread exited: 0x0000019a3e3ef520
Event: 2.348 Thread 0x0000019a3e3f5510 Thread exited: 0x0000019a3e3f5510


Dynamic libraries:
0x00007ff7a1f40000 - 0x00007ff7a1f50000 	C:\Program Files\Java\jdk-26.0.1\bin\java.exe
0x00007ff9ae8e0000 - 0x00007ff9aeb47000 	C:\WINDOWS\SYSTEM32\ntdll.dll
0x00007ff9accd0000 - 0x00007ff9acd99000 	C:\WINDOWS\System32\KERNEL32.DLL
0x00007ff9abef0000 - 0x00007ff9ac2e7000 	C:\WINDOWS\System32\KERNELBASE.dll
0x00007ff9ab310000 - 0x00007ff9ab45b000 	C:\WINDOWS\System32\ucrtbase.dll
0x00007ff995140000 - 0x00007ff99515e000 	C:\Program Files\Java\jdk-26.0.1\bin\VCRUNTIME140.dll
0x00007ff995120000 - 0x00007ff995137000 	C:\Program Files\Java\jdk-26.0.1\bin\jli.dll
0x00007ff9ad8b0000 - 0x00007ff9ada76000 	C:\WINDOWS\System32\USER32.dll
0x00007ff9ab460000 - 0x00007ff9ab487000 	C:\WINDOWS\System32\win32u.dll
0x00007ff9ad720000 - 0x00007ff9ad74b000 	C:\WINDOWS\System32\GDI32.dll
0x00007ff98d750000 - 0x00007ff98d9e2000 	C:\WINDOWS\WinSxS\amd64_microsoft.windows.common-controls_6595b64144ccf1df_6.0.26100.8457_none_3e0b2faee331e92d\COMCTL32.dll
0x00007ff9ac470000 - 0x00007ff9ac59c000 	C:\WINDOWS\System32\gdi32full.dll
0x00007ff9ab5d0000 - 0x00007ff9ab673000 	C:\WINDOWS\System32\msvcp_win.dll
0x00007ff9aca60000 - 0x00007ff9acb09000 	C:\WINDOWS\System32\msvcrt.dll
0x00007ff9aca20000 - 0x00007ff9aca52000 	C:\WINDOWS\System32\IMM32.DLL
0x00007ff9a6af0000 - 0x00007ff9a6afc000 	C:\Program Files\Java\jdk-26.0.1\bin\vcruntime140_1.dll
0x00007ff97dd30000 - 0x00007ff97ddbd000 	C:\Program Files\Java\jdk-26.0.1\bin\msvcp140.dll
0x00007ff9377b0000 - 0x00007ff93867e000 	C:\Program Files\Java\jdk-26.0.1\bin\server\jvm.dll
0x00007ff9acea0000 - 0x00007ff9acf56000 	C:\WINDOWS\System32\ADVAPI32.dll
0x00007ff9acb10000 - 0x00007ff9acbb7000 	C:\WINDOWS\System32\sechost.dll
0x00007ff9ad570000 - 0x00007ff9ad688000 	C:\WINDOWS\System32\RPCRT4.dll
0x00007ff9ad690000 - 0x00007ff9ad710000 	C:\WINDOWS\System32\WS2_32.dll
0x00007ff9ab170000 - 0x00007ff9ab1ce000 	C:\WINDOWS\SYSTEM32\POWRPROF.dll
0x00007ff9a3f90000 - 0x00007ff9a3fc6000 	C:\WINDOWS\SYSTEM32\WINMM.dll
0x00007ff9a5f50000 - 0x00007ff9a5f5b000 	C:\WINDOWS\SYSTEM32\VERSION.dll
0x00007ff9ab150000 - 0x00007ff9ab164000 	C:\WINDOWS\SYSTEM32\UMPDC.dll
0x00007ff9aa060000 - 0x00007ff9aa07b000 	C:\WINDOWS\SYSTEM32\kernel.appcore.dll
0x00007ff99e410000 - 0x00007ff99e41a000 	C:\Program Files\Java\jdk-26.0.1\bin\jimage.dll
0x00007ff9a4260000 - 0x00007ff9a44a2000 	C:\WINDOWS\SYSTEM32\DBGHELP.DLL
0x00007ff9ad1e0000 - 0x00007ff9ad563000 	C:\WINDOWS\System32\combase.dll
0x00007ff9ad100000 - 0x00007ff9ad1d9000 	C:\WINDOWS\System32\OLEAUT32.dll
0x00007ff997640000 - 0x00007ff99767b000 	C:\WINDOWS\SYSTEM32\dbgcore.DLL
0x00007ff9ab520000 - 0x00007ff9ab5c8000 	C:\WINDOWS\System32\bcryptPrimitives.dll
0x00007ff993400000 - 0x00007ff99341f000 	C:\Program Files\Java\jdk-26.0.1\bin\java.dll
0x00007ff9ac660000 - 0x00007ff9ac7f7000 	C:\WINDOWS\System32\ole32.dll
0x00007ff9adc00000 - 0x00007ff9ae36e000 	C:\WINDOWS\System32\SHELL32.dll
0x00007ff9ab680000 - 0x00007ff9abeec000 	C:\WINDOWS\System32\windows.storage.dll
0x00007ff9acfd0000 - 0x00007ff9ad0c6000 	C:\WINDOWS\System32\SHCORE.dll
0x00007ff9acf60000 - 0x00007ff9acfc6000 	C:\WINDOWS\System32\shlwapi.dll
0x00007ff9ab230000 - 0x00007ff9ab259000 	C:\WINDOWS\SYSTEM32\profapi.dll
0x00007ff9933e0000 - 0x00007ff9933f2000 	C:\Program Files\Java\jdk-26.0.1\bin\net.dll
0x00007ff9aa5b0000 - 0x00007ff9aa61c000 	C:\WINDOWS\system32\mswsock.dll
0x00007ff9933c0000 - 0x00007ff9933d6000 	C:\Program Files\Java\jdk-26.0.1\bin\nio.dll

JVMTI agents: none

dbghelp: loaded successfully - version: 4.0.5 - missing functions: none
symbol engine: initialized successfully - sym options: 0x614 - pdb path: .;C:\Program Files\Java\jdk-26.0.1\bin;C:\WINDOWS\SYSTEM32;C:\WINDOWS\WinSxS\amd64_microsoft.windows.common-controls_6595b64144ccf1df_6.0.26100.8457_none_3e0b2faee331e92d;C:\Program Files\Java\jdk-26.0.1\bin\server

VM Arguments:
jvm_args: -Xmx12G 
java_command: core.DTNSim -b 1 C:\Users\Jikoyuooo\Opportunistic-Routing-using-Q-Learning-with-Context-Information\Z_focused\focus04_very_gentle\focus04_very_gentle_WithEF.txt
java_class_path (initial): target;lib/ECLA.jar;lib/DTNConsoleConnection.jar;lib/lombok.jar
Launcher Type: SUN_STANDARD

[Global flags]
     bool AOTAdapterCaching                        = false                                  {diagnostic} {ergonomic}
     bool AOTInvokeDynamicLinking                  = false                                  {diagnostic} {ergonomic}
     bool AOTRecordTraining                        = false                                  {diagnostic} {ergonomic}
     bool AOTReplayTraining                        = false                                  {diagnostic} {ergonomic}
     bool AOTStubCaching                           = false                                  {diagnostic} {ergonomic}
     intx CICompilerCount                          = 4                                         {product} {ergonomic}
     uint ConcGCThreads                            = 3                                         {product} {ergonomic}
     uint G1ConcRefinementThreads                  = 10                                        {product} {ergonomic}
     uint G1EagerReclaimRemSetThreshold            = 64                                   {experimental} {ergonomic}
   size_t G1HeapRegionSize                         = 8388608                                   {product} {ergonomic}
     uint G1RemSetArrayOfCardsEntries              = 64                                   {experimental} {ergonomic}
     uint G1RemSetHowlMaxNumBuckets                = 8                                    {experimental} {ergonomic}
     uint G1RemSetHowlNumBuckets                   = 8                                    {experimental} {ergonomic}
   size_t InitialHeapSize                          = 8388608                                   {product} {ergonomic}
     bool IntelJccErratumMitigation                = false                             {ARCH diagnostic} {ergonomic}
   size_t MarkStackSize                            = 4194304                                   {product} {ergonomic}
   size_t MarkStackSizeMax                         = 536870912                                 {product} {ergonomic}
   size_t MaxHeapSize                              = 12884901888                               {product} {command line}
   size_t MaxNewSize                               = 7725907968                                {product} {ergonomic}
 uint64_t MaxRAM                                   = 16504729600                               {product} {ergonomic}
   size_t MinHeapDeltaBytes                        = 8388608                                   {product} {ergonomic}
   size_t MinHeapSize                              = 8388608                                   {product} {ergonomic}
   size_t NonNMethodCodeHeapSize                   = 5898240                                {pd product} {ergonomic}
   size_t NonProfiledCodeHeapSize                  = 122945536                              {pd product} {ergonomic}
   size_t ProfiledCodeHeapSize                     = 122945536                              {pd product} {ergonomic}
   size_t ReservedCodeCacheSize                    = 251789312                              {pd product} {ergonomic}
     bool SegmentedCodeCache                       = true                                      {product} {ergonomic}
   size_t SoftMaxHeapSize                          = 12884901888                            {manageable} {ergonomic}
     bool UseCompressedOops                        = true                           {product lp64_product} {ergonomic}
     bool UseCondCardMark                          = true                                      {product} {ergonomic}
     bool UseFastUnorderedTimeStamps               = true                                 {experimental} {ergonomic}
     bool UseG1GC                                  = true                                      {product} {ergonomic}
     bool UseLargePagesIndividualAllocation        = false                                  {pd product} {ergonomic}
      int X86ICacheSync                            = 3                                 {ARCH diagnostic} {ergonomic}

Logging:
Log output configuration:
 #0: stdout all=warning uptime,level,tags foldmultilines=false
 #1: stderr all=off uptime,level,tags foldmultilines=false

Release file:
IMPLEMENTOR="Oracle Corporation" 
JAVA_RUNTIME_VERSION="26.0.1+8-34" 
JAVA_VERSION="26.0.1" 
JAVA_VERSION_DATE="2026-04-21" 
LIBC="default" 
MODULES="java.base java.compiler java.datatransfer java.xml java.prefs java.desktop java.instrument java.logging java.management java.security.sasl java.naming java.rmi java.management.rmi java.net.http java.scripting java.security.jgss java.transaction.xa java.sql java.sql.rowset java.xml.crypto java.se java.smartcardio jdk.accessibility jdk.internal.jvmstat jdk.attach jdk.charsets jdk.internal.opt jdk.zipfs jdk.compiler jdk.crypto.cryptoki jdk.crypto.ec jdk.crypto.mscapi jdk.dynalink jdk.internal.ed jdk.editpad jdk.internal.vm.ci jdk.graal.compiler jdk.graal.compiler.management jdk.hotspot.agent jdk.httpserver jdk.incubator.vector jdk.internal.le jdk.internal.md jdk.jartool jdk.javadoc jdk.jcmd jdk.management jdk.management.agent jdk.jconsole jdk.jdeps jdk.jdwp.agent jdk.jdi jdk.jfr jdk.jlink jdk.jpackage jdk.jshell jdk.jstatd jdk.localedata jdk.management.jfr jdk.naming.dns jdk.naming.rmi jdk.net jdk.nio.mapmode jdk.sctp jdk.security.auth jdk.security.jgss jdk.unsupported jdk.unsupported.desktop jdk.xml.dom" 
OS_ARCH="x86_64" 
OS_NAME="Windows" 
SOURCE=".:git:8fcde8268d22 open:git:fcc00fc4aee7" 

Environment Variables:
PATH=C:\Program Files\Common Files\Oracle\Java\javapath;C:\Program Files (x86)\Common Files\Oracle\Java\java8path;C:\Program Files (x86)\Common Files\Oracle\Java\javapath;C:\WINDOWS\system32;C:\WINDOWS;C:\WINDOWS\System32\Wbem;C:\WINDOWS\System32\WindowsPowerShell\v1.0\;C:\WINDOWS\System32\OpenSSH\;%NVM_HOME%;%NVM_SYMLINK%;C:\Program Files\Cloudflare\Cloudflare WARP\;C:\Program Files\Git\cmd;C:\Program Files (x86)\Google\Cloud SDK\google-cloud-sdk\bin;C:\Users\Jikoyuooo\AppData\Local\Microsoft\WindowsApps;C:\Users\Jikoyuooo\AppData\Local\Programs\Antigravity IDE\bin;C:\Users\yosri\AppData\Local\nvm;C:\nvm4w\nodejs;C:\Program Files\JetBrains\IntelliJ IDEA 2026.1.2\bin;C:\Users\Jikoyuooo\AppData\Local\Python\bin;c:\Users\Jikoyuooo\.antigravity-ide\extensions\ms-python.debugpy-2026.6.0-win32-x64\bundled\scripts\noConfigScripts;c:\Users\Jikoyuooo\.antigravity-ide\extensions\vscjava.vscode-java-debug-0.59.0-universal\bundled\scripts\noConfigScripts
USERNAME=Jikoyuooo
LANG=en_US.UTF-8
OS=Windows_NT
PROCESSOR_IDENTIFIER=AMD64 Family 25 Model 80 Stepping 0, AuthenticAMD
TMP=C:\Users\JIKOYU~1\AppData\Local\Temp
TEMP=C:\Users\JIKOYU~1\AppData\Local\Temp




Compilation memory statistics disabled.

Periodic native trim disabled

---------------  S Y S T E M  ---------------

OS:
 Windows 11 , 64 bit Build 26100 (10.0.26100.8328)
OS uptime: 0 days 16:34 hours
Hyper-V role detected

CPU: total 12 (initial active 12) (6 cores per cpu, 2 threads per core) family 25 model 80 stepping 0 microcode 0xa500014, cx8, cmov, fxsr, ht, mmx, 3dnowpref, sse, sse2, sse3, ssse3, sse4a, sse4.1, sse4.2, popcnt, lzcnt, tsc, tscinvbit, avx, avx2, aes, erms, clmul, bmi1, bmi2, adx, sha, fma, vzeroupper, clflush, clflushopt, clwb, hv, rdtscp, rdpid, fsrm, f16c, cet_ss
Processor Information for the first 12 processors :
  Max Mhz: 3600, Current Mhz: 3600, Mhz Limit: 3600

Memory: 4k page, system-wide physical 15740M (527M free)
TotalPageFile size 46098M (AvailPageFile size 2065M)
current process WorkingSet (physical memory assigned to process): 880M, peak: 1001M
current process commit charge ("private bytes"): 1415M, peak: 3991M

vm_info: Java HotSpot(TM) 64-Bit Server VM (26.0.1+8-34) for windows-amd64 JRE (26.0.1+8-34), built on 2026-03-10T17:24:10Z with MS VC++ 17.13 (VS2022)

END.
