#
# There is insufficient memory for the Java Runtime Environment to continue.
# Native memory allocation (mmap) failed to map 3992977408 bytes. Error detail: G1 virtual space
# Possible reasons:
#   The system is out of physical RAM or swap space
#   This process is running with CompressedOops enabled, and the Java Heap may be blocking the growth of the native heap
# Possible solutions:
#   Reduce memory load on the system
#   Increase physical memory or swap space
#   Check if swap backing store is full
#   Decrease Java heap size (-Xmx/-Xms)
#   Decrease number of Java threads
#   Decrease Java thread stack sizes (-Xss)
#   Set larger code cache with -XX:ReservedCodeCacheSize=
#   JVM is running with Zero Based Compressed Oops mode in which the Java heap is
#     placed in the first 32GB address space. The Java Heap base address is the
#     maximum limit for the native heap growth. Please use -XX:HeapBaseMinAddress
#     to set the Java Heap base and to place the Java Heap above 32GB virtual address.
# This output file may be truncated or incomplete.
#
#  Out of Memory Error (os_windows.cpp:3583), pid=2068, tid=12656
#
# JRE version: Java(TM) SE Runtime Environment (26.0.1+8) (build 26.0.1+8-34)
# Java VM: Java HotSpot(TM) 64-Bit Server VM (26.0.1+8-34, mixed mode, sharing, tiered, compressed oops, compressed class ptrs, g1 gc, windows-amd64)
# No core dump will be written. Minidumps are not enabled by default on client versions of Windows
#

---------------  S U M M A R Y ------------

Command Line: -Xmx12G core.DTNSim -b 1 C:\Users\Jikoyuooo\Opportunistic-Routing-using-Q-Learning-with-Context-Information\Z_combined\B1_E3300_eps20\B1_E3300_eps20_WithEF.txt

Host: AMD Ryzen 5 5600GT with Radeon Graphics        , 12 cores, 15G,  Windows 11 , 64 bit Build 26100 (10.0.26100.8328)
Time: Fri May 29 10:20:24 2026 SE Asia Standard Time elapsed time: 3269.647906 seconds (0d 0h 54m 29s)

---------------  T H R E A D  ---------------

Current thread (0x0000025ff67da830):  VMThread "VM Thread"          [id=12656, stack(0x000000cc98000000,0x000000cc98100000) (1024K)]

Stack: [0x000000cc98000000,0x000000cc98100000]
Native frames: (J=compiled Java code, j=interpreted, Vv=VM code, C=native code)
V  [jvm.dll+0x7d5879]  (no source info available)
V  [jvm.dll+0x7a37dd]  (no source info available)
V  [jvm.dll+0x9b0c10]  (no source info available)
V  [jvm.dll+0x9b3061]  (no source info available)
V  [jvm.dll+0x9b3773]  (no source info available)
V  [jvm.dll+0x30df76]  (no source info available)
V  [jvm.dll+0x7d4d45]  (no source info available)
V  [jvm.dll+0x7c7f07]  (no source info available)
V  [jvm.dll+0x4087e8]  (no source info available)
V  [jvm.dll+0x410b56]  (no source info available)
V  [jvm.dll+0x3fcef4]  (no source info available)
V  [jvm.dll+0x3fd1e5]  (no source info available)
V  [jvm.dll+0x3d3b6f]  (no source info available)
V  [jvm.dll+0x3d6ddc]  (no source info available)
V  [jvm.dll+0x4223ec]  (no source info available)
V  [jvm.dll+0x420d33]  (no source info available)
V  [jvm.dll+0x3d3308]  (no source info available)
V  [jvm.dll+0x4200f3]  (no source info available)
V  [jvm.dll+0x9b9c21]  (no source info available)
V  [jvm.dll+0x9babeb]  (no source info available)
V  [jvm.dll+0x9bb0fc]  (no source info available)
V  [jvm.dll+0x9bb579]  (no source info available)
V  [jvm.dll+0x9bb823]  (no source info available)
V  [jvm.dll+0x94f649]  (no source info available)
V  [jvm.dll+0x7d7358]  (no source info available)
C  [ucrtbase.dll+0x37b0]  (no source info available)
C  [KERNEL32.DLL+0x2e957]  (no source info available)
C  [ntdll.dll+0x427c]  (no source info available)

VM_Operation (0x000000cc978feff8): G1CollectForAllocation, mode: safepoint, requested by thread 0x0000025fd55d23e0


---------------  P R O C E S S  ---------------

Threads class SMR info:
_java_thread_list=0x0000025ffc3c6230, length=11, elements={
0x0000025fd55d23e0, 0x0000025ff67eb950, 0x0000025ff67ec3a0, 0x0000025ff67f77f0,
0x0000025ff67f83a0, 0x0000025ff6800f60, 0x0000025ff6803b20, 0x0000025ff680a6e0,
0x0000025ff6812f00, 0x0000025ffb079840, 0x0000025ffb07b660
}

Java Threads: ( => current thread )
  0x0000025fd55d23e0 JavaThread "main"                              [_thread_blocked, id=12864, stack(0x000000cc97800000,0x000000cc97900000) (1024K)]
  0x0000025ff67eb950 JavaThread "Reference Handler"          daemon [_thread_blocked, id=19272, stack(0x000000cc98100000,0x000000cc98200000) (1024K)]
  0x0000025ff67ec3a0 JavaThread "Finalizer"                  daemon [_thread_blocked, id=16820, stack(0x000000cc98200000,0x000000cc98300000) (1024K)]
  0x0000025ff67f77f0 JavaThread "Signal Dispatcher"          daemon [_thread_blocked, id=13624, stack(0x000000cc98300000,0x000000cc98400000) (1024K)]
  0x0000025ff67f83a0 JavaThread "Attach Listener"            daemon [_thread_blocked, id=6956, stack(0x000000cc98400000,0x000000cc98500000) (1024K)]
  0x0000025ff6800f60 JavaThread "Service Thread"             daemon [_thread_blocked, id=20280, stack(0x000000cc98500000,0x000000cc98600000) (1024K)]
  0x0000025ff6803b20 JavaThread "Monitor Deflation Thread"   daemon [_thread_blocked, id=6448, stack(0x000000cc98600000,0x000000cc98700000) (1024K)]
  0x0000025ff680a6e0 JavaThread "C2 CompilerThread0"         daemon [_thread_blocked, id=13976, stack(0x000000cc98700000,0x000000cc98800000) (1024K)]
  0x0000025ff6812f00 JavaThread "C1 CompilerThread0"         daemon [_thread_blocked, id=13208, stack(0x000000cc98800000,0x000000cc98900000) (1024K)]
  0x0000025ffb079840 JavaThread "Notification Thread"        daemon [_thread_blocked, id=18644, stack(0x000000cc98900000,0x000000cc98a00000) (1024K)]
  0x0000025ffb07b660 JavaThread "Common-Cleaner"             daemon [_thread_blocked, id=6232, stack(0x000000cc98a00000,0x000000cc98b00000) (1024K)]
Total: 11

Other Threads:
=>0x0000025ff67da830 VMThread "VM Thread"                           [id=12656, stack(0x000000cc98000000,0x000000cc98100000) (1024K)]
  0x0000025ff67cc890 WatcherThread "VM Periodic Task Thread"        [id=1184, stack(0x000000cc97f00000,0x000000cc98000000) (1024K)]
  0x0000025fd5c1b750 WorkerThread "GC Thread#0"                     [id=5944, stack(0x000000cc97900000,0x000000cc97a00000) (1024K)]
  0x0000025ffb830830 WorkerThread "GC Thread#1"                     [id=11412, stack(0x000000cc98d00000,0x000000cc98e00000) (1024K)]
  0x0000025ffbbbce90 WorkerThread "GC Thread#2"                     [id=2748, stack(0x000000cc98e00000,0x000000cc98f00000) (1024K)]
  0x0000025ffcc98b20 WorkerThread "GC Thread#3"                     [id=7660, stack(0x000000cc98f00000,0x000000cc99000000) (1024K)]
  0x0000025ffcc98f40 WorkerThread "GC Thread#4"                     [id=20384, stack(0x000000cc99000000,0x000000cc99100000) (1024K)]
  0x0000025ffbe770f0 WorkerThread "GC Thread#5"                     [id=10756, stack(0x000000cc99100000,0x000000cc99200000) (1024K)]
  0x0000025ffd30fd30 WorkerThread "GC Thread#6"                     [id=20028, stack(0x000000cc98c00000,0x000000cc98d00000) (1024K)]
  0x0000025ffd95f3b0 WorkerThread "GC Thread#7"                     [id=7608, stack(0x000000cc99200000,0x000000cc99300000) (1024K)]
  0x0000025ffcd91d80 WorkerThread "GC Thread#8"                     [id=5516, stack(0x000000cc99300000,0x000000cc99400000) (1024K)]
  0x0000025ffcd93310 WorkerThread "GC Thread#9"                     [id=16548, stack(0x000000cc99400000,0x000000cc99500000) (1024K)]
  0x0000025fd5c2e8b0 ConcurrentGCThread "G1 Main Marker"            [id=1436, stack(0x000000cc97a00000,0x000000cc97b00000) (1024K)]
  0x0000025fd5c30280 WorkerThread "G1 Conc#0"                       [id=18352, stack(0x000000cc97b00000,0x000000cc97c00000) (1024K)]
  0x0000025fd5c4dea0 WorkerThread "G1 Refinement Workers#0"         [id=14964, stack(0x000000cc97d00000,0x000000cc97e00000) (1024K)]
  0x0000025ff6681910 ConcurrentGCThread "G1 Refine Control"         [id=16208, stack(0x000000cc97c00000,0x000000cc97d00000) (1024K)]
  0x0000025fd5c4e810 ConcurrentGCThread "G1 Service"                [id=15192, stack(0x000000cc97e00000,0x000000cc97f00000) (1024K)]
Total: 17

Threads with active compile tasks:
Total: 0

VM state: at safepoint (normal execution)

VM Mutex/Monitor currently owned by a thread:  ([mutex/lock_event])
[0x00007ff93858ed08] Threads_lock - owner thread: 0x0000025ff67da830
[0x00007ff93858ef88] Heap_lock - owner thread: 0x0000025fd55d23e0

Heap address: 0x0000000500000000, size: 12288 MB, Compressed Oops mode: Zero based, Oop shift amount: 3

CDS archive(s) mapped at: [0x0000000084000000-0x0000000084de0000-0x0000000084de0000), size 14548992, SharedBaseAddress: 0x0000000084000000, ArchiveRelocationMode: 1.
Compressed class space mapped at: 0x0000000085000000-0x00000000c5000000, reserved size: 1073741824
UseCompressedClassPointers 1, UseCompactObjectHeaders 0
Narrow klass pointer bits 32, Max shift 3
Narrow klass base: 0x0000000084000000, Narrow klass shift: 0
Encoding Range: [0x0000000084000000 - 0x0000000184000000), (4294967296 bytes)
Klass Range:    [0x0000000084000000 - 0x00000000c5000000), (1090519040 bytes)
Klass ID Range:  [8 - 1090519033) (1090519025)
Protection zone: [0x0000000084000000 - 0x0000000084010000), (65536 bytes)

GC Precious Log:
 CardTable entry size: 512
 Card Set container configuration: InlinePtr #cards 4 size 8 Array Of Cards #cards 64 size 144 Howl #buckets 8 coarsen threshold 14745 Howl Bitmap #cards 2048 size 272 coarsen threshold 1843 Card regions per heap region 1 cards per card region 16384
 CPUs: 12 total, 12 available
 Memory: 15740M
 Large Page Support: Disabled
 NUMA Support: Disabled
 Compressed Oops: Enabled (Zero based)
 Heap Region Size: 8M
 Heap Min Capacity: 8M
 Heap Initial Capacity: 8M
 Heap Max Capacity: 12G
 Pre-touch: Disabled
 Parallel Workers: 10
 Concurrent Workers: 3
 Concurrent Refinement Workers: 10
 Periodic GC: Disabled

Heap:
 garbage-first heap   total reserved 12582912K, committed 2850816K, used 1076910K [0x0000000500000000, 0x0000000800000000)
  region size 8M, 0 eden (0M), 14 survivor (112M), 119 old (952M), 0 humongous (0M), 215 free (1720M)

Heap Regions: E=young(eden), S=young(survivor), O=old, HS=humongous(starts), HC=humongous(continues), CS=collection set, F=free, TAMS=top-at-mark-start, PB=parsable bottom
|    0|0x0000000500000000, 0x0000000500800000, 0x0000000500800000|100%| O|  |TAMS 0x0000000500000000| PB 0x0000000500000000| Untracked |  0
|    1|0x0000000500800000, 0x0000000501000000, 0x0000000501000000|100%| O|  |TAMS 0x0000000500800000| PB 0x0000000500800000| Untracked |  0
|    2|0x0000000501000000, 0x0000000501800000, 0x0000000501800000|100%| O|  |TAMS 0x0000000501000000| PB 0x0000000501000000| Untracked |  0
|    3|0x0000000501800000, 0x0000000502000000, 0x0000000502000000|100%| O|  |TAMS 0x0000000501800000| PB 0x0000000501800000| Untracked |  0
|    4|0x0000000502000000, 0x0000000502800000, 0x0000000502800000|100%| O|  |TAMS 0x0000000502000000| PB 0x0000000502000000| Untracked |  0
|    5|0x0000000502800000, 0x0000000503000000, 0x0000000503000000|100%| O|  |TAMS 0x0000000502800000| PB 0x0000000502800000| Untracked |  0
|    6|0x0000000503000000, 0x0000000503800000, 0x0000000503800000|100%| O|  |TAMS 0x0000000503000000| PB 0x0000000503000000| Untracked |  0
|    7|0x0000000503800000, 0x0000000504000000, 0x0000000504000000|100%| O|  |TAMS 0x0000000503800000| PB 0x0000000503800000| Untracked |  0
|    8|0x0000000504000000, 0x0000000504800000, 0x0000000504800000|100%| O|  |TAMS 0x0000000504000000| PB 0x0000000504000000| Untracked |  0
|    9|0x0000000504800000, 0x0000000505000000, 0x0000000505000000|100%| O|  |TAMS 0x0000000504800000| PB 0x0000000504800000| Untracked |  0
|   10|0x0000000505000000, 0x0000000505800000, 0x0000000505800000|100%| O|  |TAMS 0x0000000505000000| PB 0x0000000505000000| Untracked |  0
|   11|0x0000000505800000, 0x0000000506000000, 0x0000000506000000|100%| O|  |TAMS 0x0000000505800000| PB 0x0000000505800000| Untracked |  0
|   12|0x0000000506000000, 0x0000000506800000, 0x0000000506800000|100%| O|  |TAMS 0x0000000506000000| PB 0x0000000506000000| Untracked |  0
|   13|0x0000000506800000, 0x0000000507000000, 0x0000000507000000|100%| O|  |TAMS 0x0000000506800000| PB 0x0000000506800000| Untracked |  0
|   14|0x0000000507000000, 0x0000000507800000, 0x0000000507800000|100%| O|  |TAMS 0x0000000507000000| PB 0x0000000507000000| Untracked |  0
|   15|0x0000000507800000, 0x0000000508000000, 0x0000000508000000|100%| O|  |TAMS 0x0000000507800000| PB 0x0000000507800000| Untracked |  0
|   16|0x0000000508000000, 0x0000000508800000, 0x0000000508800000|100%| O|  |TAMS 0x0000000508000000| PB 0x0000000508000000| Untracked |  0
|   17|0x0000000508800000, 0x0000000509000000, 0x0000000509000000|100%| O|  |TAMS 0x0000000508800000| PB 0x0000000508800000| Untracked |  0
|   18|0x0000000509000000, 0x0000000509800000, 0x0000000509800000|100%| O|  |TAMS 0x0000000509000000| PB 0x0000000509000000| Untracked |  0
|   19|0x0000000509800000, 0x0000000509ade4f0, 0x000000050a000000| 35%| O|  |TAMS 0x0000000509800000| PB 0x0000000509800000| Untracked |  0
|   20|0x000000050a000000, 0x000000050a800000, 0x000000050a800000|100%| O|  |TAMS 0x000000050a000000| PB 0x000000050a000000| Untracked |  0
|   21|0x000000050a800000, 0x000000050b000000, 0x000000050b000000|100%| O|  |TAMS 0x000000050a800000| PB 0x000000050a800000| Untracked |  0
|   22|0x000000050b000000, 0x000000050b800000, 0x000000050b800000|100%| O|  |TAMS 0x000000050b000000| PB 0x000000050b000000| Untracked |  0
|   23|0x000000050b800000, 0x000000050c000000, 0x000000050c000000|100%| O|  |TAMS 0x000000050b800000| PB 0x000000050b800000| Untracked |  0
|   24|0x000000050c000000, 0x000000050c800000, 0x000000050c800000|100%| O|  |TAMS 0x000000050c000000| PB 0x000000050c000000| Untracked |  0
|   25|0x000000050c800000, 0x000000050d000000, 0x000000050d000000|100%| O|  |TAMS 0x000000050c800000| PB 0x000000050c800000| Untracked |  0
|   26|0x000000050d000000, 0x000000050d800000, 0x000000050d800000|100%| O|  |TAMS 0x000000050d000000| PB 0x000000050d000000| Untracked |  0
|   27|0x000000050d800000, 0x000000050e000000, 0x000000050e000000|100%| O|  |TAMS 0x000000050d800000| PB 0x000000050d800000| Untracked |  0
|   28|0x000000050e000000, 0x000000050e800000, 0x000000050e800000|100%| O|  |TAMS 0x000000050e000000| PB 0x000000050e000000| Untracked |  0
|   29|0x000000050e800000, 0x000000050f000000, 0x000000050f000000|100%| O|  |TAMS 0x000000050e800000| PB 0x000000050e800000| Untracked |  0
|   30|0x000000050f000000, 0x000000050f800000, 0x000000050f800000|100%| O|  |TAMS 0x000000050f000000| PB 0x000000050f000000| Untracked |  0
|   31|0x000000050f800000, 0x0000000510000000, 0x0000000510000000|100%| O|  |TAMS 0x000000050f800000| PB 0x000000050f800000| Untracked |  0
|   32|0x0000000510000000, 0x0000000510800000, 0x0000000510800000|100%| O|  |TAMS 0x0000000510000000| PB 0x0000000510000000| Untracked |  0
|   33|0x0000000510800000, 0x0000000511000000, 0x0000000511000000|100%| O|  |TAMS 0x0000000510800000| PB 0x0000000510800000| Untracked |  0
|   34|0x0000000511000000, 0x0000000511800000, 0x0000000511800000|100%| O|  |TAMS 0x0000000511000000| PB 0x0000000511000000| Untracked |  0
|   35|0x0000000511800000, 0x0000000512000000, 0x0000000512000000|100%| O|  |TAMS 0x0000000511800000| PB 0x0000000511800000| Untracked |  0
|   36|0x0000000512000000, 0x0000000512800000, 0x0000000512800000|100%| O|  |TAMS 0x0000000512000000| PB 0x0000000512000000| Untracked |  0
|   37|0x0000000512800000, 0x0000000513000000, 0x0000000513000000|100%| O|  |TAMS 0x0000000512800000| PB 0x0000000512800000| Untracked |  0
|   38|0x0000000513000000, 0x0000000513800000, 0x0000000513800000|100%| O|  |TAMS 0x0000000513000000| PB 0x0000000513000000| Untracked |  0
|   39|0x0000000513800000, 0x0000000514000000, 0x0000000514000000|100%| O|  |TAMS 0x0000000513800000| PB 0x0000000513800000| Untracked |  0
|   40|0x0000000514000000, 0x0000000514800000, 0x0000000514800000|100%| O|  |TAMS 0x0000000514000000| PB 0x0000000514000000| Untracked |  0
|   41|0x0000000514800000, 0x0000000515000000, 0x0000000515000000|100%| O|  |TAMS 0x0000000514800000| PB 0x0000000514800000| Untracked |  0
|   42|0x0000000515000000, 0x0000000515800000, 0x0000000515800000|100%| O|  |TAMS 0x0000000515000000| PB 0x0000000515000000| Untracked |  0
|   43|0x0000000515800000, 0x0000000516000000, 0x0000000516000000|100%| O|  |TAMS 0x0000000515800000| PB 0x0000000515800000| Untracked |  0
|   44|0x0000000516000000, 0x0000000516800000, 0x0000000516800000|100%| O|  |TAMS 0x0000000516000000| PB 0x0000000516000000| Untracked |  0
|   45|0x0000000516800000, 0x0000000517000000, 0x0000000517000000|100%| O|  |TAMS 0x0000000516800000| PB 0x0000000516800000| Untracked |  0
|   46|0x0000000517000000, 0x0000000517800000, 0x0000000517800000|100%| O|  |TAMS 0x0000000517000000| PB 0x0000000517000000| Untracked |  0
|   47|0x0000000517800000, 0x0000000518000000, 0x0000000518000000|100%| O|  |TAMS 0x0000000517800000| PB 0x0000000517800000| Untracked |  0
|   48|0x0000000518000000, 0x0000000518800000, 0x0000000518800000|100%| O|  |TAMS 0x0000000518000000| PB 0x0000000518000000| Untracked |  0
|   49|0x0000000518800000, 0x0000000519000000, 0x0000000519000000|100%| O|  |TAMS 0x0000000518800000| PB 0x0000000518800000| Untracked |  0
|   50|0x0000000519000000, 0x0000000519800000, 0x0000000519800000|100%| O|  |TAMS 0x0000000519000000| PB 0x0000000519000000| Untracked |  0
|   51|0x0000000519800000, 0x000000051a000000, 0x000000051a000000|100%| O|  |TAMS 0x0000000519800000| PB 0x0000000519800000| Untracked |  0
|   52|0x000000051a000000, 0x000000051a800000, 0x000000051a800000|100%| O|  |TAMS 0x000000051a000000| PB 0x000000051a000000| Untracked |  0
|   53|0x000000051a800000, 0x000000051b000000, 0x000000051b000000|100%| O|  |TAMS 0x000000051a800000| PB 0x000000051a800000| Untracked |  0
|   54|0x000000051b000000, 0x000000051b800000, 0x000000051b800000|100%| O|  |TAMS 0x000000051b000000| PB 0x000000051b000000| Untracked |  0
|   55|0x000000051b800000, 0x000000051c000000, 0x000000051c000000|100%| O|  |TAMS 0x000000051b800000| PB 0x000000051b800000| Untracked |  0
|   56|0x000000051c000000, 0x000000051c800000, 0x000000051c800000|100%| O|  |TAMS 0x000000051c000000| PB 0x000000051c000000| Untracked |  0
|   57|0x000000051c800000, 0x000000051d000000, 0x000000051d000000|100%| O|  |TAMS 0x000000051c800000| PB 0x000000051c800000| Untracked |  0
|   58|0x000000051d000000, 0x000000051d800000, 0x000000051d800000|100%| O|  |TAMS 0x000000051d000000| PB 0x000000051d000000| Untracked |  0
|   59|0x000000051d800000, 0x000000051e000000, 0x000000051e000000|100%| O|  |TAMS 0x000000051d800000| PB 0x000000051d800000| Untracked |  0
|   60|0x000000051e000000, 0x000000051e800000, 0x000000051e800000|100%| O|  |TAMS 0x000000051e000000| PB 0x000000051e000000| Untracked |  0
|   61|0x000000051e800000, 0x000000051f000000, 0x000000051f000000|100%| O|  |TAMS 0x000000051e800000| PB 0x000000051e800000| Untracked |  0
|   62|0x000000051f000000, 0x000000051f800000, 0x000000051f800000|100%| O|  |TAMS 0x000000051f000000| PB 0x000000051f000000| Untracked |  0
|   63|0x000000051f800000, 0x0000000520000000, 0x0000000520000000|100%| O|  |TAMS 0x000000051f800000| PB 0x000000051f800000| Untracked |  0
|   64|0x0000000520000000, 0x0000000520800000, 0x0000000520800000|100%| O|  |TAMS 0x0000000520000000| PB 0x0000000520000000| Untracked |  0
|   65|0x0000000520800000, 0x0000000521000000, 0x0000000521000000|100%| O|  |TAMS 0x0000000520800000| PB 0x0000000520800000| Untracked |  0
|   66|0x0000000521000000, 0x0000000521800000, 0x0000000521800000|100%| O|  |TAMS 0x0000000521000000| PB 0x0000000521000000| Untracked |  0
|   67|0x0000000521800000, 0x0000000522000000, 0x0000000522000000|100%| O|  |TAMS 0x0000000521800000| PB 0x0000000521800000| Untracked |  0
|   68|0x0000000522000000, 0x0000000522800000, 0x0000000522800000|100%| O|  |TAMS 0x0000000522000000| PB 0x0000000522000000| Untracked |  0
|   69|0x0000000522800000, 0x0000000523000000, 0x0000000523000000|100%| O|  |TAMS 0x0000000522800000| PB 0x0000000522800000| Untracked |  0
|   70|0x0000000523000000, 0x0000000523800000, 0x0000000523800000|100%| O|  |TAMS 0x0000000523000000| PB 0x0000000523000000| Untracked |  0
|   71|0x0000000523800000, 0x0000000524000000, 0x0000000524000000|100%| O|  |TAMS 0x0000000523800000| PB 0x0000000523800000| Untracked |  0
|   72|0x0000000524000000, 0x0000000524800000, 0x0000000524800000|100%| O|  |TAMS 0x0000000524000000| PB 0x0000000524000000| Untracked |  0
|   73|0x0000000524800000, 0x0000000525000000, 0x0000000525000000|100%| O|  |TAMS 0x0000000524800000| PB 0x0000000524800000| Untracked |  0
|   74|0x0000000525000000, 0x0000000525800000, 0x0000000525800000|100%| O|  |TAMS 0x0000000525000000| PB 0x0000000525000000| Untracked |  0
|   75|0x0000000525800000, 0x0000000526000000, 0x0000000526000000|100%| O|  |TAMS 0x0000000525800000| PB 0x0000000525800000| Untracked |  0
|   76|0x0000000526000000, 0x0000000526800000, 0x0000000526800000|100%| O|  |TAMS 0x0000000526000000| PB 0x0000000526000000| Untracked |  0
|   77|0x0000000526800000, 0x0000000527000000, 0x0000000527000000|100%| O|  |TAMS 0x0000000526800000| PB 0x0000000526800000| Untracked |  0
|   78|0x0000000527000000, 0x0000000527800000, 0x0000000527800000|100%| O|  |TAMS 0x0000000527000000| PB 0x0000000527000000| Untracked |  0
|   79|0x0000000527800000, 0x0000000528000000, 0x0000000528000000|100%| O|  |TAMS 0x0000000527800000| PB 0x0000000527800000| Untracked |  0
|   80|0x0000000528000000, 0x0000000528800000, 0x0000000528800000|100%| O|  |TAMS 0x0000000528000000| PB 0x0000000528000000| Untracked |  0
|   81|0x0000000528800000, 0x0000000529000000, 0x0000000529000000|100%| O|  |TAMS 0x0000000528800000| PB 0x0000000528800000| Untracked |  0
|   82|0x0000000529000000, 0x0000000529800000, 0x0000000529800000|100%| O|  |TAMS 0x0000000529000000| PB 0x0000000529000000| Untracked |  0
|   83|0x0000000529800000, 0x000000052a000000, 0x000000052a000000|100%| O|  |TAMS 0x0000000529800000| PB 0x0000000529800000| Untracked |  0
|   84|0x000000052a000000, 0x000000052a800000, 0x000000052a800000|100%| O|  |TAMS 0x000000052a000000| PB 0x000000052a000000| Untracked |  0
|   85|0x000000052a800000, 0x000000052b000000, 0x000000052b000000|100%| O|  |TAMS 0x000000052a800000| PB 0x000000052a800000| Untracked |  0
|   86|0x000000052b000000, 0x000000052b800000, 0x000000052b800000|100%| O|  |TAMS 0x000000052b000000| PB 0x000000052b000000| Untracked |  0
|   87|0x000000052b800000, 0x000000052bfadb00, 0x000000052c000000| 95%| O|  |TAMS 0x000000052b800000| PB 0x000000052b800000| Untracked |  0
|   88|0x000000052c000000, 0x000000052c800000, 0x000000052c800000|100%| O|  |TAMS 0x000000052c000000| PB 0x000000052c000000| Untracked |  0
|   89|0x000000052c800000, 0x000000052d000000, 0x000000052d000000|100%| O|  |TAMS 0x000000052c800000| PB 0x000000052c800000| Untracked |  0
|   90|0x000000052d000000, 0x000000052d800000, 0x000000052d800000|100%| O|  |TAMS 0x000000052d000000| PB 0x000000052d000000| Untracked |  0
|   91|0x000000052d800000, 0x000000052e000000, 0x000000052e000000|100%| O|  |TAMS 0x000000052d800000| PB 0x000000052d800000| Untracked |  0
|   92|0x000000052e000000, 0x000000052e800000, 0x000000052e800000|100%| O|  |TAMS 0x000000052e000000| PB 0x000000052e000000| Untracked |  0
|   93|0x000000052e800000, 0x000000052f000000, 0x000000052f000000|100%| O|  |TAMS 0x000000052e800000| PB 0x000000052e800000| Untracked |  0
|   94|0x000000052f000000, 0x000000052f800000, 0x000000052f800000|100%| O|  |TAMS 0x000000052f000000| PB 0x000000052f000000| Untracked |  0
|   95|0x000000052f800000, 0x0000000530000000, 0x0000000530000000|100%| O|  |TAMS 0x000000052f800000| PB 0x000000052f800000| Untracked |  0
|   96|0x0000000530000000, 0x0000000530800000, 0x0000000530800000|100%| O|  |TAMS 0x0000000530000000| PB 0x0000000530000000| Untracked |  0
|   97|0x0000000530800000, 0x0000000531000000, 0x0000000531000000|100%| O|  |TAMS 0x0000000530800000| PB 0x0000000530800000| Untracked |  0
|   98|0x0000000531000000, 0x0000000531800000, 0x0000000531800000|100%| O|  |TAMS 0x0000000531000000| PB 0x0000000531000000| Untracked |  0
|   99|0x0000000531800000, 0x0000000532000000, 0x0000000532000000|100%| O|  |TAMS 0x0000000531800000| PB 0x0000000531800000| Untracked |  0
|  100|0x0000000532000000, 0x0000000532800000, 0x0000000532800000|100%| O|  |TAMS 0x0000000532000000| PB 0x0000000532000000| Untracked |  0
|  101|0x0000000532800000, 0x0000000533000000, 0x0000000533000000|100%| O|  |TAMS 0x0000000532800000| PB 0x0000000532800000| Untracked |  0
|  102|0x0000000533000000, 0x0000000533800000, 0x0000000533800000|100%| O|  |TAMS 0x0000000533000000| PB 0x0000000533000000| Untracked |  0
|  103|0x0000000533800000, 0x0000000534000000, 0x0000000534000000|100%| O|  |TAMS 0x0000000533800000| PB 0x0000000533800000| Untracked |  0
|  104|0x0000000534000000, 0x0000000534800000, 0x0000000534800000|100%| O|  |TAMS 0x0000000534000000| PB 0x0000000534000000| Untracked |  0
|  105|0x0000000534800000, 0x0000000535000000, 0x0000000535000000|100%| O|  |TAMS 0x0000000534800000| PB 0x0000000534800000| Untracked |  0
|  106|0x0000000535000000, 0x0000000535800000, 0x0000000535800000|100%| O|  |TAMS 0x0000000535000000| PB 0x0000000535000000| Untracked |  0
|  107|0x0000000535800000, 0x0000000536000000, 0x0000000536000000|100%| O|  |TAMS 0x0000000535800000| PB 0x0000000535800000| Untracked |  0
|  108|0x0000000536000000, 0x0000000536800000, 0x0000000536800000|100%| O|  |TAMS 0x0000000536000000| PB 0x0000000536000000| Untracked |  0
|  109|0x0000000536800000, 0x0000000537000000, 0x0000000537000000|100%| O|  |TAMS 0x0000000536800000| PB 0x0000000536800000| Untracked |  0
|  110|0x0000000537000000, 0x0000000537800000, 0x0000000537800000|100%| O|  |TAMS 0x0000000537000000| PB 0x0000000537000000| Untracked |  0
|  111|0x0000000537800000, 0x0000000538000000, 0x0000000538000000|100%| O|  |TAMS 0x0000000537800000| PB 0x0000000537800000| Untracked |  0
|  112|0x0000000538000000, 0x0000000538800000, 0x0000000538800000|100%| O|  |TAMS 0x0000000538000000| PB 0x0000000538000000| Untracked |  0
|  113|0x0000000538800000, 0x0000000539000000, 0x0000000539000000|100%| O|  |TAMS 0x0000000538800000| PB 0x0000000538800000| Untracked |  0
|  114|0x0000000539000000, 0x0000000539800000, 0x0000000539800000|100%| O|  |TAMS 0x0000000539000000| PB 0x0000000539000000| Untracked |  0
|  115|0x0000000539800000, 0x000000053a000000, 0x000000053a000000|100%| O|  |TAMS 0x0000000539800000| PB 0x0000000539800000| Untracked |  0
|  116|0x000000053a000000, 0x000000053a800000, 0x000000053a800000|100%| O|  |TAMS 0x000000053a000000| PB 0x000000053a000000| Untracked |  0
|  117|0x000000053a800000, 0x000000053aff6b00, 0x000000053b000000| 99%| O|  |TAMS 0x000000053a800000| PB 0x000000053a800000| Untracked |  0
|  118|0x000000053b000000, 0x000000053b000000, 0x000000053b800000|  0%| F|  |TAMS 0x000000053b000000| PB 0x000000053b000000| Untracked |  0
|  119|0x000000053b800000, 0x000000053b800000, 0x000000053c000000|  0%| F|  |TAMS 0x000000053b800000| PB 0x000000053b800000| Untracked |  0
|  120|0x000000053c000000, 0x000000053c000000, 0x000000053c800000|  0%| F|  |TAMS 0x000000053c000000| PB 0x000000053c000000| Untracked |  0
|  121|0x000000053c800000, 0x000000053c800000, 0x000000053d000000|  0%| F|  |TAMS 0x000000053c800000| PB 0x000000053c800000| Untracked |  0
|  122|0x000000053d000000, 0x000000053d000000, 0x000000053d800000|  0%| F|  |TAMS 0x000000053d000000| PB 0x000000053d000000| Untracked |  0
|  123|0x000000053d800000, 0x000000053d800000, 0x000000053e000000|  0%| F|  |TAMS 0x000000053d800000| PB 0x000000053d800000| Untracked |  0
|  124|0x000000053e000000, 0x000000053e000000, 0x000000053e800000|  0%| F|  |TAMS 0x000000053e000000| PB 0x000000053e000000| Untracked |  0
|  125|0x000000053e800000, 0x000000053f000000, 0x000000053f000000|100%| S|CS|TAMS 0x000000053e800000| PB 0x000000053e800000| Complete  |  0
|  126|0x000000053f000000, 0x000000053f000000, 0x000000053f800000|  0%| F|  |TAMS 0x000000053f000000| PB 0x000000053f000000| Untracked |  0
|  127|0x000000053f800000, 0x0000000540000000, 0x0000000540000000|100%| S|CS|TAMS 0x000000053f800000| PB 0x000000053f800000| Complete  |  0
|  128|0x0000000540000000, 0x0000000540800000, 0x0000000540800000|100%| S|CS|TAMS 0x0000000540000000| PB 0x0000000540000000| Complete  |  0
|  129|0x0000000540800000, 0x0000000540800000, 0x0000000541000000|  0%| F|  |TAMS 0x0000000540800000| PB 0x0000000540800000| Untracked |  0
|  130|0x0000000541000000, 0x0000000541000000, 0x0000000541800000|  0%| F|  |TAMS 0x0000000541000000| PB 0x0000000541000000| Untracked |  0
|  131|0x0000000541800000, 0x0000000541800000, 0x0000000542000000|  0%| F|  |TAMS 0x0000000541800000| PB 0x0000000541800000| Untracked |  0
|  132|0x0000000542000000, 0x0000000542000000, 0x0000000542800000|  0%| F|  |TAMS 0x0000000542000000| PB 0x0000000542000000| Untracked |  0
|  133|0x0000000542800000, 0x0000000542800000, 0x0000000543000000|  0%| F|  |TAMS 0x0000000542800000| PB 0x0000000542800000| Untracked |  0
|  134|0x0000000543000000, 0x0000000543000000, 0x0000000543800000|  0%| F|  |TAMS 0x0000000543000000| PB 0x0000000543000000| Untracked |  0
|  135|0x0000000543800000, 0x0000000543800000, 0x0000000544000000|  0%| F|  |TAMS 0x0000000543800000| PB 0x0000000543800000| Untracked |  0
|  136|0x0000000544000000, 0x0000000544000000, 0x0000000544800000|  0%| F|  |TAMS 0x0000000544000000| PB 0x0000000544000000| Untracked |  0
|  137|0x0000000544800000, 0x0000000544800000, 0x0000000545000000|  0%| F|  |TAMS 0x0000000544800000| PB 0x0000000544800000| Untracked |  0
|  138|0x0000000545000000, 0x0000000545000000, 0x0000000545800000|  0%| F|  |TAMS 0x0000000545000000| PB 0x0000000545000000| Untracked |  0
|  139|0x0000000545800000, 0x0000000546000000, 0x0000000546000000|100%| S|CS|TAMS 0x0000000545800000| PB 0x0000000545800000| Complete  |  0
|  140|0x0000000546000000, 0x0000000546800000, 0x0000000546800000|100%| S|CS|TAMS 0x0000000546000000| PB 0x0000000546000000| Complete  |  0
|  141|0x0000000546800000, 0x0000000547000000, 0x0000000547000000|100%| S|CS|TAMS 0x0000000546800000| PB 0x0000000546800000| Complete  |  0
|  142|0x0000000547000000, 0x0000000547800000, 0x0000000547800000|100%| S|CS|TAMS 0x0000000547000000| PB 0x0000000547000000| Complete  |  0
|  143|0x0000000547800000, 0x0000000548000000, 0x0000000548000000|100%| S|CS|TAMS 0x0000000547800000| PB 0x0000000547800000| Complete  |  0
|  144|0x0000000548000000, 0x0000000548800000, 0x0000000548800000|100%| S|CS|TAMS 0x0000000548000000| PB 0x0000000548000000| Complete  |  0
|  145|0x0000000548800000, 0x0000000549000000, 0x0000000549000000|100%| S|CS|TAMS 0x0000000548800000| PB 0x0000000548800000| Complete  |  0
|  146|0x0000000549000000, 0x0000000549800000, 0x0000000549800000|100%| S|CS|TAMS 0x0000000549000000| PB 0x0000000549000000| Complete  |  0
|  147|0x0000000549800000, 0x000000054a000000, 0x000000054a000000|100%| S|CS|TAMS 0x0000000549800000| PB 0x0000000549800000| Complete  |  0
|  148|0x000000054a000000, 0x000000054a800000, 0x000000054a800000|100%| S|CS|TAMS 0x000000054a000000| PB 0x000000054a000000| Complete  |  0
|  149|0x000000054a800000, 0x000000054a800000, 0x000000054b000000|  0%| F|  |TAMS 0x000000054a800000| PB 0x000000054a800000| Untracked |  0
|  150|0x000000054b000000, 0x000000054b000000, 0x000000054b800000|  0%| F|  |TAMS 0x000000054b000000| PB 0x000000054b000000| Untracked |  0
|  151|0x000000054b800000, 0x000000054c000000, 0x000000054c000000|100%| S|CS|TAMS 0x000000054b800000| PB 0x000000054b800000| Complete  |  0
|  152|0x000000054c000000, 0x000000054c000000, 0x000000054c800000|  0%| F|  |TAMS 0x000000054c000000| PB 0x000000054c000000| Untracked |  0
|  153|0x000000054c800000, 0x000000054c800000, 0x000000054d000000|  0%| F|  |TAMS 0x000000054c800000| PB 0x000000054c800000| Untracked |  0
|  154|0x000000054d000000, 0x000000054d000000, 0x000000054d800000|  0%| F|  |TAMS 0x000000054d000000| PB 0x000000054d000000| Untracked |  0
|  155|0x000000054d800000, 0x000000054d800000, 0x000000054e000000|  0%| F|  |TAMS 0x000000054d800000| PB 0x000000054d800000| Untracked |  0
|  156|0x000000054e000000, 0x000000054e000000, 0x000000054e800000|  0%| F|  |TAMS 0x000000054e000000| PB 0x000000054e000000| Untracked |  0
|  157|0x000000054e800000, 0x000000054e800000, 0x000000054f000000|  0%| F|  |TAMS 0x000000054e800000| PB 0x000000054e800000| Untracked |  0
|  158|0x000000054f000000, 0x000000054f000000, 0x000000054f800000|  0%| F|  |TAMS 0x000000054f000000| PB 0x000000054f000000| Untracked |  0
|  159|0x000000054f800000, 0x000000054f800000, 0x0000000550000000|  0%| F|  |TAMS 0x000000054f800000| PB 0x000000054f800000| Untracked |  0
|  160|0x0000000550000000, 0x0000000550000000, 0x0000000550800000|  0%| F|  |TAMS 0x0000000550000000| PB 0x0000000550000000| Untracked |  0
|  161|0x0000000550800000, 0x0000000550800000, 0x0000000551000000|  0%| F|  |TAMS 0x0000000550800000| PB 0x0000000550800000| Untracked |  0
|  162|0x0000000551000000, 0x0000000551000000, 0x0000000551800000|  0%| F|  |TAMS 0x0000000551000000| PB 0x0000000551000000| Untracked |  0
|  163|0x0000000551800000, 0x0000000551800000, 0x0000000552000000|  0%| F|  |TAMS 0x0000000551800000| PB 0x0000000551800000| Untracked |  0
|  164|0x0000000552000000, 0x0000000552000000, 0x0000000552800000|  0%| F|  |TAMS 0x0000000552000000| PB 0x0000000552000000| Untracked |  0
|  165|0x0000000552800000, 0x0000000552800000, 0x0000000553000000|  0%| F|  |TAMS 0x0000000552800000| PB 0x0000000552800000| Untracked |  0
|  166|0x0000000553000000, 0x0000000553000000, 0x0000000553800000|  0%| F|  |TAMS 0x0000000553000000| PB 0x0000000553000000| Untracked |  0
|  167|0x0000000553800000, 0x0000000553800000, 0x0000000554000000|  0%| F|  |TAMS 0x0000000553800000| PB 0x0000000553800000| Untracked |  0
|  168|0x0000000554000000, 0x0000000554000000, 0x0000000554800000|  0%| F|  |TAMS 0x0000000554000000| PB 0x0000000554000000| Untracked |  0
|  169|0x0000000554800000, 0x0000000554800000, 0x0000000555000000|  0%| F|  |TAMS 0x0000000554800000| PB 0x0000000554800000| Untracked |  0
|  170|0x0000000555000000, 0x0000000555000000, 0x0000000555800000|  0%| F|  |TAMS 0x0000000555000000| PB 0x0000000555000000| Untracked |  0
|  171|0x0000000555800000, 0x0000000555800000, 0x0000000556000000|  0%| F|  |TAMS 0x0000000555800000| PB 0x0000000555800000| Untracked |  0
|  172|0x0000000556000000, 0x0000000556000000, 0x0000000556800000|  0%| F|  |TAMS 0x0000000556000000| PB 0x0000000556000000| Untracked |  0
|  173|0x0000000556800000, 0x0000000556800000, 0x0000000557000000|  0%| F|  |TAMS 0x0000000556800000| PB 0x0000000556800000| Untracked |  0
|  174|0x0000000557000000, 0x0000000557000000, 0x0000000557800000|  0%| F|  |TAMS 0x0000000557000000| PB 0x0000000557000000| Untracked |  0
|  175|0x0000000557800000, 0x0000000557800000, 0x0000000558000000|  0%| F|  |TAMS 0x0000000557800000| PB 0x0000000557800000| Untracked |  0
|  176|0x0000000558000000, 0x0000000558000000, 0x0000000558800000|  0%| F|  |TAMS 0x0000000558000000| PB 0x0000000558000000| Untracked |  0
|  177|0x0000000558800000, 0x0000000558800000, 0x0000000559000000|  0%| F|  |TAMS 0x0000000558800000| PB 0x0000000558800000| Untracked |  0
|  178|0x0000000559000000, 0x0000000559000000, 0x0000000559800000|  0%| F|  |TAMS 0x0000000559000000| PB 0x0000000559000000| Untracked |  0
|  179|0x0000000559800000, 0x0000000559800000, 0x000000055a000000|  0%| F|  |TAMS 0x0000000559800000| PB 0x0000000559800000| Untracked |  0
|  180|0x000000055a000000, 0x000000055a000000, 0x000000055a800000|  0%| F|  |TAMS 0x000000055a000000| PB 0x000000055a000000| Untracked |  0
|  181|0x000000055a800000, 0x000000055a800000, 0x000000055b000000|  0%| F|  |TAMS 0x000000055a800000| PB 0x000000055a800000| Untracked |  0
|  182|0x000000055b000000, 0x000000055b000000, 0x000000055b800000|  0%| F|  |TAMS 0x000000055b000000| PB 0x000000055b000000| Untracked |  0
|  183|0x000000055b800000, 0x000000055b800000, 0x000000055c000000|  0%| F|  |TAMS 0x000000055b800000| PB 0x000000055b800000| Untracked |  0
|  184|0x000000055c000000, 0x000000055c000000, 0x000000055c800000|  0%| F|  |TAMS 0x000000055c000000| PB 0x000000055c000000| Untracked |  0
|  185|0x000000055c800000, 0x000000055c800000, 0x000000055d000000|  0%| F|  |TAMS 0x000000055c800000| PB 0x000000055c800000| Untracked |  0
|  186|0x000000055d000000, 0x000000055d000000, 0x000000055d800000|  0%| F|  |TAMS 0x000000055d000000| PB 0x000000055d000000| Untracked |  0
|  187|0x000000055d800000, 0x000000055d800000, 0x000000055e000000|  0%| F|  |TAMS 0x000000055d800000| PB 0x000000055d800000| Untracked |  0
|  188|0x000000055e000000, 0x000000055e000000, 0x000000055e800000|  0%| F|  |TAMS 0x000000055e000000| PB 0x000000055e000000| Untracked |  0
|  189|0x000000055e800000, 0x000000055e800000, 0x000000055f000000|  0%| F|  |TAMS 0x000000055e800000| PB 0x000000055e800000| Untracked |  0
|  190|0x000000055f000000, 0x000000055f000000, 0x000000055f800000|  0%| F|  |TAMS 0x000000055f000000| PB 0x000000055f000000| Untracked |  0
|  191|0x000000055f800000, 0x000000055f800000, 0x0000000560000000|  0%| F|  |TAMS 0x000000055f800000| PB 0x000000055f800000| Untracked |  0
|  192|0x0000000560000000, 0x0000000560000000, 0x0000000560800000|  0%| F|  |TAMS 0x0000000560000000| PB 0x0000000560000000| Untracked |  0
|  193|0x0000000560800000, 0x0000000560800000, 0x0000000561000000|  0%| F|  |TAMS 0x0000000560800000| PB 0x0000000560800000| Untracked |  0
|  194|0x0000000561000000, 0x0000000561000000, 0x0000000561800000|  0%| F|  |TAMS 0x0000000561000000| PB 0x0000000561000000| Untracked |  0
|  195|0x0000000561800000, 0x0000000561800000, 0x0000000562000000|  0%| F|  |TAMS 0x0000000561800000| PB 0x0000000561800000| Untracked |  0
|  196|0x0000000562000000, 0x0000000562000000, 0x0000000562800000|  0%| F|  |TAMS 0x0000000562000000| PB 0x0000000562000000| Untracked |  0
|  197|0x0000000562800000, 0x0000000562800000, 0x0000000563000000|  0%| F|  |TAMS 0x0000000562800000| PB 0x0000000562800000| Untracked |  0
|  198|0x0000000563000000, 0x0000000563000000, 0x0000000563800000|  0%| F|  |TAMS 0x0000000563000000| PB 0x0000000563000000| Untracked |  0
|  199|0x0000000563800000, 0x0000000563800000, 0x0000000564000000|  0%| F|  |TAMS 0x0000000563800000| PB 0x0000000563800000| Untracked |  0
|  200|0x0000000564000000, 0x0000000564000000, 0x0000000564800000|  0%| F|  |TAMS 0x0000000564000000| PB 0x0000000564000000| Untracked |  0
|  201|0x0000000564800000, 0x0000000564800000, 0x0000000565000000|  0%| F|  |TAMS 0x0000000564800000| PB 0x0000000564800000| Untracked |  0
|  202|0x0000000565000000, 0x0000000565000000, 0x0000000565800000|  0%| F|  |TAMS 0x0000000565000000| PB 0x0000000565000000| Untracked |  0
|  203|0x0000000565800000, 0x0000000565800000, 0x0000000566000000|  0%| F|  |TAMS 0x0000000565800000| PB 0x0000000565800000| Untracked |  0
|  204|0x0000000566000000, 0x0000000566000000, 0x0000000566800000|  0%| F|  |TAMS 0x0000000566000000| PB 0x0000000566000000| Untracked |  0
|  205|0x0000000566800000, 0x0000000566800000, 0x0000000567000000|  0%| F|  |TAMS 0x0000000566800000| PB 0x0000000566800000| Untracked |  0
|  206|0x0000000567000000, 0x0000000567000000, 0x0000000567800000|  0%| F|  |TAMS 0x0000000567000000| PB 0x0000000567000000| Untracked |  0
|  207|0x0000000567800000, 0x0000000567800000, 0x0000000568000000|  0%| F|  |TAMS 0x0000000567800000| PB 0x0000000567800000| Untracked |  0
|  208|0x0000000568000000, 0x0000000568000000, 0x0000000568800000|  0%| F|  |TAMS 0x0000000568000000| PB 0x0000000568000000| Untracked |  0
|  209|0x0000000568800000, 0x0000000568800000, 0x0000000569000000|  0%| F|  |TAMS 0x0000000568800000| PB 0x0000000568800000| Untracked |  0
|  210|0x0000000569000000, 0x0000000569000000, 0x0000000569800000|  0%| F|  |TAMS 0x0000000569000000| PB 0x0000000569000000| Untracked |  0
|  211|0x0000000569800000, 0x0000000569800000, 0x000000056a000000|  0%| F|  |TAMS 0x0000000569800000| PB 0x0000000569800000| Untracked |  0
|  212|0x000000056a000000, 0x000000056a000000, 0x000000056a800000|  0%| F|  |TAMS 0x000000056a000000| PB 0x000000056a000000| Untracked |  0
|  213|0x000000056a800000, 0x000000056a800000, 0x000000056b000000|  0%| F|  |TAMS 0x000000056a800000| PB 0x000000056a800000| Untracked |  0
|  214|0x000000056b000000, 0x000000056b000000, 0x000000056b800000|  0%| F|  |TAMS 0x000000056b000000| PB 0x000000056b000000| Untracked |  0
|  215|0x000000056b800000, 0x000000056b800000, 0x000000056c000000|  0%| F|  |TAMS 0x000000056b800000| PB 0x000000056b800000| Untracked |  0
|  216|0x000000056c000000, 0x000000056c000000, 0x000000056c800000|  0%| F|  |TAMS 0x000000056c000000| PB 0x000000056c000000| Untracked |  0
|  217|0x000000056c800000, 0x000000056c800000, 0x000000056d000000|  0%| F|  |TAMS 0x000000056c800000| PB 0x000000056c800000| Untracked |  0
|  218|0x000000056d000000, 0x000000056d000000, 0x000000056d800000|  0%| F|  |TAMS 0x000000056d000000| PB 0x000000056d000000| Untracked |  0
|  219|0x000000056d800000, 0x000000056d800000, 0x000000056e000000|  0%| F|  |TAMS 0x000000056d800000| PB 0x000000056d800000| Untracked |  0
|  220|0x000000056e000000, 0x000000056e000000, 0x000000056e800000|  0%| F|  |TAMS 0x000000056e000000| PB 0x000000056e000000| Untracked |  0
|  221|0x000000056e800000, 0x000000056e800000, 0x000000056f000000|  0%| F|  |TAMS 0x000000056e800000| PB 0x000000056e800000| Untracked |  0
|  222|0x000000056f000000, 0x000000056f000000, 0x000000056f800000|  0%| F|  |TAMS 0x000000056f000000| PB 0x000000056f000000| Untracked |  0
|  223|0x000000056f800000, 0x000000056f800000, 0x0000000570000000|  0%| F|  |TAMS 0x000000056f800000| PB 0x000000056f800000| Untracked |  0
|  224|0x0000000570000000, 0x0000000570000000, 0x0000000570800000|  0%| F|  |TAMS 0x0000000570000000| PB 0x0000000570000000| Untracked |  0
|  225|0x0000000570800000, 0x0000000570800000, 0x0000000571000000|  0%| F|  |TAMS 0x0000000570800000| PB 0x0000000570800000| Untracked |  0
|  226|0x0000000571000000, 0x0000000571000000, 0x0000000571800000|  0%| F|  |TAMS 0x0000000571000000| PB 0x0000000571000000| Untracked |  0
|  227|0x0000000571800000, 0x0000000571800000, 0x0000000572000000|  0%| F|  |TAMS 0x0000000571800000| PB 0x0000000571800000| Untracked |  0
|  228|0x0000000572000000, 0x0000000572000000, 0x0000000572800000|  0%| F|  |TAMS 0x0000000572000000| PB 0x0000000572000000| Untracked |  0
|  229|0x0000000572800000, 0x0000000572800000, 0x0000000573000000|  0%| F|  |TAMS 0x0000000572800000| PB 0x0000000572800000| Untracked |  0
|  230|0x0000000573000000, 0x0000000573000000, 0x0000000573800000|  0%| F|  |TAMS 0x0000000573000000| PB 0x0000000573000000| Untracked |  0
|  231|0x0000000573800000, 0x0000000573800000, 0x0000000574000000|  0%| F|  |TAMS 0x0000000573800000| PB 0x0000000573800000| Untracked |  0
|  232|0x0000000574000000, 0x0000000574000000, 0x0000000574800000|  0%| F|  |TAMS 0x0000000574000000| PB 0x0000000574000000| Untracked |  0
|  233|0x0000000574800000, 0x0000000574800000, 0x0000000575000000|  0%| F|  |TAMS 0x0000000574800000| PB 0x0000000574800000| Untracked |  0
|  234|0x0000000575000000, 0x0000000575000000, 0x0000000575800000|  0%| F|  |TAMS 0x0000000575000000| PB 0x0000000575000000| Untracked |  0
|  235|0x0000000575800000, 0x0000000575800000, 0x0000000576000000|  0%| F|  |TAMS 0x0000000575800000| PB 0x0000000575800000| Untracked |  0
|  236|0x0000000576000000, 0x0000000576000000, 0x0000000576800000|  0%| F|  |TAMS 0x0000000576000000| PB 0x0000000576000000| Untracked |  0
|  237|0x0000000576800000, 0x0000000576800000, 0x0000000577000000|  0%| F|  |TAMS 0x0000000576800000| PB 0x0000000576800000| Untracked |  0
|  238|0x0000000577000000, 0x0000000577000000, 0x0000000577800000|  0%| F|  |TAMS 0x0000000577000000| PB 0x0000000577000000| Untracked |  0
|  239|0x0000000577800000, 0x0000000577800000, 0x0000000578000000|  0%| F|  |TAMS 0x0000000577800000| PB 0x0000000577800000| Untracked |  0
|  240|0x0000000578000000, 0x0000000578000000, 0x0000000578800000|  0%| F|  |TAMS 0x0000000578000000| PB 0x0000000578000000| Untracked |  0
|  241|0x0000000578800000, 0x0000000578800000, 0x0000000579000000|  0%| F|  |TAMS 0x0000000578800000| PB 0x0000000578800000| Untracked |  0
|  242|0x0000000579000000, 0x0000000579000000, 0x0000000579800000|  0%| F|  |TAMS 0x0000000579000000| PB 0x0000000579000000| Untracked |  0
|  243|0x0000000579800000, 0x0000000579800000, 0x000000057a000000|  0%| F|  |TAMS 0x0000000579800000| PB 0x0000000579800000| Untracked |  0
|  244|0x000000057a000000, 0x000000057a000000, 0x000000057a800000|  0%| F|  |TAMS 0x000000057a000000| PB 0x000000057a000000| Untracked |  0
|  245|0x000000057a800000, 0x000000057a800000, 0x000000057b000000|  0%| F|  |TAMS 0x000000057a800000| PB 0x000000057a800000| Untracked |  0
|  246|0x000000057b000000, 0x000000057b000000, 0x000000057b800000|  0%| F|  |TAMS 0x000000057b000000| PB 0x000000057b000000| Untracked |  0
|  247|0x000000057b800000, 0x000000057b800000, 0x000000057c000000|  0%| F|  |TAMS 0x000000057b800000| PB 0x000000057b800000| Untracked |  0
|  248|0x000000057c000000, 0x000000057c000000, 0x000000057c800000|  0%| F|  |TAMS 0x000000057c000000| PB 0x000000057c000000| Untracked |  0
|  249|0x000000057c800000, 0x000000057c800000, 0x000000057d000000|  0%| F|  |TAMS 0x000000057c800000| PB 0x000000057c800000| Untracked |  0
|  250|0x000000057d000000, 0x000000057d000000, 0x000000057d800000|  0%| F|  |TAMS 0x000000057d000000| PB 0x000000057d000000| Untracked |  0
|  251|0x000000057d800000, 0x000000057d800000, 0x000000057e000000|  0%| F|  |TAMS 0x000000057d800000| PB 0x000000057d800000| Untracked |  0
|  252|0x000000057e000000, 0x000000057e000000, 0x000000057e800000|  0%| F|  |TAMS 0x000000057e000000| PB 0x000000057e000000| Untracked |  0
|  253|0x000000057e800000, 0x000000057e800000, 0x000000057f000000|  0%| F|  |TAMS 0x000000057e800000| PB 0x000000057e800000| Untracked |  0
|  254|0x000000057f000000, 0x000000057f000000, 0x000000057f800000|  0%| F|  |TAMS 0x000000057f000000| PB 0x000000057f000000| Untracked |  0
|  255|0x000000057f800000, 0x000000057f800000, 0x0000000580000000|  0%| F|  |TAMS 0x000000057f800000| PB 0x000000057f800000| Untracked |  0
|  256|0x0000000580000000, 0x0000000580000000, 0x0000000580800000|  0%| F|  |TAMS 0x0000000580000000| PB 0x0000000580000000| Untracked |  0
|  257|0x0000000580800000, 0x0000000580800000, 0x0000000581000000|  0%| F|  |TAMS 0x0000000580800000| PB 0x0000000580800000| Untracked |  0
|  258|0x0000000581000000, 0x0000000581000000, 0x0000000581800000|  0%| F|  |TAMS 0x0000000581000000| PB 0x0000000581000000| Untracked |  0
|  259|0x0000000581800000, 0x0000000581800000, 0x0000000582000000|  0%| F|  |TAMS 0x0000000581800000| PB 0x0000000581800000| Untracked |  0
|  260|0x0000000582000000, 0x0000000582000000, 0x0000000582800000|  0%| F|  |TAMS 0x0000000582000000| PB 0x0000000582000000| Untracked |  0
|  261|0x0000000582800000, 0x0000000582800000, 0x0000000583000000|  0%| F|  |TAMS 0x0000000582800000| PB 0x0000000582800000| Untracked |  0
|  262|0x0000000583000000, 0x0000000583000000, 0x0000000583800000|  0%| F|  |TAMS 0x0000000583000000| PB 0x0000000583000000| Untracked |  0
|  263|0x0000000583800000, 0x0000000583800000, 0x0000000584000000|  0%| F|  |TAMS 0x0000000583800000| PB 0x0000000583800000| Untracked |  0
|  264|0x0000000584000000, 0x0000000584000000, 0x0000000584800000|  0%| F|  |TAMS 0x0000000584000000| PB 0x0000000584000000| Untracked |  0
|  265|0x0000000584800000, 0x0000000584800000, 0x0000000585000000|  0%| F|  |TAMS 0x0000000584800000| PB 0x0000000584800000| Untracked |  0
|  266|0x0000000585000000, 0x0000000585000000, 0x0000000585800000|  0%| F|  |TAMS 0x0000000585000000| PB 0x0000000585000000| Untracked |  0
|  267|0x0000000585800000, 0x0000000585800000, 0x0000000586000000|  0%| F|  |TAMS 0x0000000585800000| PB 0x0000000585800000| Untracked |  0
|  268|0x0000000586000000, 0x0000000586000000, 0x0000000586800000|  0%| F|  |TAMS 0x0000000586000000| PB 0x0000000586000000| Untracked |  0
|  269|0x0000000586800000, 0x0000000586800000, 0x0000000587000000|  0%| F|  |TAMS 0x0000000586800000| PB 0x0000000586800000| Untracked |  0
|  270|0x0000000587000000, 0x0000000587000000, 0x0000000587800000|  0%| F|  |TAMS 0x0000000587000000| PB 0x0000000587000000| Untracked |  0
|  271|0x0000000587800000, 0x0000000587800000, 0x0000000588000000|  0%| F|  |TAMS 0x0000000587800000| PB 0x0000000587800000| Untracked |  0
|  272|0x0000000588000000, 0x0000000588000000, 0x0000000588800000|  0%| F|  |TAMS 0x0000000588000000| PB 0x0000000588000000| Untracked |  0
|  273|0x0000000588800000, 0x0000000588800000, 0x0000000589000000|  0%| F|  |TAMS 0x0000000588800000| PB 0x0000000588800000| Untracked |  0
|  274|0x0000000589000000, 0x0000000589000000, 0x0000000589800000|  0%| F|  |TAMS 0x0000000589000000| PB 0x0000000589000000| Untracked |  0
|  275|0x0000000589800000, 0x0000000589800000, 0x000000058a000000|  0%| F|  |TAMS 0x0000000589800000| PB 0x0000000589800000| Untracked |  0
|  276|0x000000058a000000, 0x000000058a000000, 0x000000058a800000|  0%| F|  |TAMS 0x000000058a000000| PB 0x000000058a000000| Untracked |  0
|  277|0x000000058a800000, 0x000000058a800000, 0x000000058b000000|  0%| F|  |TAMS 0x000000058a800000| PB 0x000000058a800000| Untracked |  0
|  278|0x000000058b000000, 0x000000058b000000, 0x000000058b800000|  0%| F|  |TAMS 0x000000058b000000| PB 0x000000058b000000| Untracked |  0
|  279|0x000000058b800000, 0x000000058b800000, 0x000000058c000000|  0%| F|  |TAMS 0x000000058b800000| PB 0x000000058b800000| Untracked |  0
|  280|0x000000058c000000, 0x000000058c000000, 0x000000058c800000|  0%| F|  |TAMS 0x000000058c000000| PB 0x000000058c000000| Untracked |  0
|  281|0x000000058c800000, 0x000000058c800000, 0x000000058d000000|  0%| F|  |TAMS 0x000000058c800000| PB 0x000000058c800000| Untracked |  0
|  282|0x000000058d000000, 0x000000058d000000, 0x000000058d800000|  0%| F|  |TAMS 0x000000058d000000| PB 0x000000058d000000| Untracked |  0
|  283|0x000000058d800000, 0x000000058d800000, 0x000000058e000000|  0%| F|  |TAMS 0x000000058d800000| PB 0x000000058d800000| Untracked |  0
|  284|0x000000058e000000, 0x000000058e000000, 0x000000058e800000|  0%| F|  |TAMS 0x000000058e000000| PB 0x000000058e000000| Untracked |  0
|  285|0x000000058e800000, 0x000000058e800000, 0x000000058f000000|  0%| F|  |TAMS 0x000000058e800000| PB 0x000000058e800000| Untracked |  0
|  286|0x000000058f000000, 0x000000058f000000, 0x000000058f800000|  0%| F|  |TAMS 0x000000058f000000| PB 0x000000058f000000| Untracked |  0
|  287|0x000000058f800000, 0x000000058f800000, 0x0000000590000000|  0%| F|  |TAMS 0x000000058f800000| PB 0x000000058f800000| Untracked |  0
|  288|0x0000000590000000, 0x0000000590000000, 0x0000000590800000|  0%| F|  |TAMS 0x0000000590000000| PB 0x0000000590000000| Untracked |  0
|  289|0x0000000590800000, 0x0000000590800000, 0x0000000591000000|  0%| F|  |TAMS 0x0000000590800000| PB 0x0000000590800000| Untracked |  0
|  290|0x0000000591000000, 0x0000000591000000, 0x0000000591800000|  0%| F|  |TAMS 0x0000000591000000| PB 0x0000000591000000| Untracked |  0
|  291|0x0000000591800000, 0x0000000591800000, 0x0000000592000000|  0%| F|  |TAMS 0x0000000591800000| PB 0x0000000591800000| Untracked |  0
|  292|0x0000000592000000, 0x0000000592000000, 0x0000000592800000|  0%| F|  |TAMS 0x0000000592000000| PB 0x0000000592000000| Untracked |  0
|  293|0x0000000592800000, 0x0000000592800000, 0x0000000593000000|  0%| F|  |TAMS 0x0000000592800000| PB 0x0000000592800000| Untracked |  0
|  294|0x0000000593000000, 0x0000000593000000, 0x0000000593800000|  0%| F|  |TAMS 0x0000000593000000| PB 0x0000000593000000| Untracked |  0
|  295|0x0000000593800000, 0x0000000593800000, 0x0000000594000000|  0%| F|  |TAMS 0x0000000593800000| PB 0x0000000593800000| Untracked |  0
|  296|0x0000000594000000, 0x0000000594000000, 0x0000000594800000|  0%| F|  |TAMS 0x0000000594000000| PB 0x0000000594000000| Untracked |  0
|  297|0x0000000594800000, 0x0000000594800000, 0x0000000595000000|  0%| F|  |TAMS 0x0000000594800000| PB 0x0000000594800000| Untracked |  0
|  298|0x0000000595000000, 0x0000000595000000, 0x0000000595800000|  0%| F|  |TAMS 0x0000000595000000| PB 0x0000000595000000| Untracked |  0
|  299|0x0000000595800000, 0x0000000595800000, 0x0000000596000000|  0%| F|  |TAMS 0x0000000595800000| PB 0x0000000595800000| Untracked |  0
|  300|0x0000000596000000, 0x0000000596000000, 0x0000000596800000|  0%| F|  |TAMS 0x0000000596000000| PB 0x0000000596000000| Untracked |  0
|  301|0x0000000596800000, 0x0000000596800000, 0x0000000597000000|  0%| F|  |TAMS 0x0000000596800000| PB 0x0000000596800000| Untracked |  0
|  302|0x0000000597000000, 0x0000000597000000, 0x0000000597800000|  0%| F|  |TAMS 0x0000000597000000| PB 0x0000000597000000| Untracked |  0
|  303|0x0000000597800000, 0x0000000597800000, 0x0000000598000000|  0%| F|  |TAMS 0x0000000597800000| PB 0x0000000597800000| Untracked |  0
|  304|0x0000000598000000, 0x0000000598000000, 0x0000000598800000|  0%| F|  |TAMS 0x0000000598000000| PB 0x0000000598000000| Untracked |  0
|  305|0x0000000598800000, 0x0000000598800000, 0x0000000599000000|  0%| F|  |TAMS 0x0000000598800000| PB 0x0000000598800000| Untracked |  0
|  306|0x0000000599000000, 0x0000000599000000, 0x0000000599800000|  0%| F|  |TAMS 0x0000000599000000| PB 0x0000000599000000| Untracked |  0
|  307|0x0000000599800000, 0x0000000599800000, 0x000000059a000000|  0%| F|  |TAMS 0x0000000599800000| PB 0x0000000599800000| Untracked |  0
|  308|0x000000059a000000, 0x000000059a000000, 0x000000059a800000|  0%| F|  |TAMS 0x000000059a000000| PB 0x000000059a000000| Untracked |  0
|  309|0x000000059a800000, 0x000000059a800000, 0x000000059b000000|  0%| F|  |TAMS 0x000000059a800000| PB 0x000000059a800000| Untracked |  0
|  310|0x000000059b000000, 0x000000059b000000, 0x000000059b800000|  0%| F|  |TAMS 0x000000059b000000| PB 0x000000059b000000| Untracked |  0
|  311|0x000000059b800000, 0x000000059b800000, 0x000000059c000000|  0%| F|  |TAMS 0x000000059b800000| PB 0x000000059b800000| Untracked |  0
|  312|0x000000059c000000, 0x000000059c000000, 0x000000059c800000|  0%| F|  |TAMS 0x000000059c000000| PB 0x000000059c000000| Untracked |  0
|  313|0x000000059c800000, 0x000000059c800000, 0x000000059d000000|  0%| F|  |TAMS 0x000000059c800000| PB 0x000000059c800000| Untracked |  0
|  314|0x000000059d000000, 0x000000059d000000, 0x000000059d800000|  0%| F|  |TAMS 0x000000059d000000| PB 0x000000059d000000| Untracked |  0
|  315|0x000000059d800000, 0x000000059d800000, 0x000000059e000000|  0%| F|  |TAMS 0x000000059d800000| PB 0x000000059d800000| Untracked |  0
|  316|0x000000059e000000, 0x000000059e000000, 0x000000059e800000|  0%| F|  |TAMS 0x000000059e000000| PB 0x000000059e000000| Untracked |  0
|  317|0x000000059e800000, 0x000000059e800000, 0x000000059f000000|  0%| F|  |TAMS 0x000000059e800000| PB 0x000000059e800000| Untracked |  0
|  318|0x000000059f000000, 0x000000059f000000, 0x000000059f800000|  0%| F|  |TAMS 0x000000059f000000| PB 0x000000059f000000| Untracked |  0
|  319|0x000000059f800000, 0x000000059f800000, 0x00000005a0000000|  0%| F|  |TAMS 0x000000059f800000| PB 0x000000059f800000| Untracked |  0
|  320|0x00000005a0000000, 0x00000005a0000000, 0x00000005a0800000|  0%| F|  |TAMS 0x00000005a0000000| PB 0x00000005a0000000| Untracked |  0
|  321|0x00000005a0800000, 0x00000005a0800000, 0x00000005a1000000|  0%| F|  |TAMS 0x00000005a0800000| PB 0x00000005a0800000| Untracked |  0
|  322|0x00000005a1000000, 0x00000005a1000000, 0x00000005a1800000|  0%| F|  |TAMS 0x00000005a1000000| PB 0x00000005a1000000| Untracked |  0
|  323|0x00000005a1800000, 0x00000005a1800000, 0x00000005a2000000|  0%| F|  |TAMS 0x00000005a1800000| PB 0x00000005a1800000| Untracked |  0
|  324|0x00000005a2000000, 0x00000005a2000000, 0x00000005a2800000|  0%| F|  |TAMS 0x00000005a2000000| PB 0x00000005a2000000| Untracked |  0
|  325|0x00000005a2800000, 0x00000005a2800000, 0x00000005a3000000|  0%| F|  |TAMS 0x00000005a2800000| PB 0x00000005a2800000| Untracked |  0
|  326|0x00000005a3000000, 0x00000005a3000000, 0x00000005a3800000|  0%| F|  |TAMS 0x00000005a3000000| PB 0x00000005a3000000| Untracked |  0
|  327|0x00000005a3800000, 0x00000005a3800000, 0x00000005a4000000|  0%| F|  |TAMS 0x00000005a3800000| PB 0x00000005a3800000| Untracked |  0
|  328|0x00000005a4000000, 0x00000005a4000000, 0x00000005a4800000|  0%| F|  |TAMS 0x00000005a4000000| PB 0x00000005a4000000| Untracked |  0
|  329|0x00000005a4800000, 0x00000005a4800000, 0x00000005a5000000|  0%| F|  |TAMS 0x00000005a4800000| PB 0x00000005a4800000| Untracked |  0
|  330|0x00000005a5000000, 0x00000005a5000000, 0x00000005a5800000|  0%| F|  |TAMS 0x00000005a5000000| PB 0x00000005a5000000| Untracked |  0
|  331|0x00000005a5800000, 0x00000005a5800000, 0x00000005a6000000|  0%| F|  |TAMS 0x00000005a5800000| PB 0x00000005a5800000| Untracked |  0
|  332|0x00000005a6000000, 0x00000005a6000000, 0x00000005a6800000|  0%| F|  |TAMS 0x00000005a6000000| PB 0x00000005a6000000| Untracked |  0
|  333|0x00000005a6800000, 0x00000005a6800000, 0x00000005a7000000|  0%| F|  |TAMS 0x00000005a6800000| PB 0x00000005a6800000| Untracked |  0
|  334|0x00000005a7000000, 0x00000005a7000000, 0x00000005a7800000|  0%| F|  |TAMS 0x00000005a7000000| PB 0x00000005a7000000| Untracked |  0
|  335|0x00000005a7800000, 0x00000005a7800000, 0x00000005a8000000|  0%| F|  |TAMS 0x00000005a7800000| PB 0x00000005a7800000| Untracked |  0
|  336|0x00000005a8000000, 0x00000005a8000000, 0x00000005a8800000|  0%| F|  |TAMS 0x00000005a8000000| PB 0x00000005a8000000| Untracked |  0
|  337|0x00000005a8800000, 0x00000005a8800000, 0x00000005a9000000|  0%| F|  |TAMS 0x00000005a8800000| PB 0x00000005a8800000| Untracked |  0
|  338|0x00000005a9000000, 0x00000005a9000000, 0x00000005a9800000|  0%| F|  |TAMS 0x00000005a9000000| PB 0x00000005a9000000| Untracked |  0
|  339|0x00000005a9800000, 0x00000005a9800000, 0x00000005aa000000|  0%| F|  |TAMS 0x00000005a9800000| PB 0x00000005a9800000| Untracked |  0
|  340|0x00000005aa000000, 0x00000005aa000000, 0x00000005aa800000|  0%| F|  |TAMS 0x00000005aa000000| PB 0x00000005aa000000| Untracked |  0
|  341|0x00000005aa800000, 0x00000005aa800000, 0x00000005ab000000|  0%| F|  |TAMS 0x00000005aa800000| PB 0x00000005aa800000| Untracked |  0
|  342|0x00000005ab000000, 0x00000005ab000000, 0x00000005ab800000|  0%| F|  |TAMS 0x00000005ab000000| PB 0x00000005ab000000| Untracked |  0
|  343|0x00000005ab800000, 0x00000005ab800000, 0x00000005ac000000|  0%| F|  |TAMS 0x00000005ab800000| PB 0x00000005ab800000| Untracked |  0
|  344|0x00000005ac000000, 0x00000005ac000000, 0x00000005ac800000|  0%| F|  |TAMS 0x00000005ac000000| PB 0x00000005ac000000| Untracked |  0
|  345|0x00000005ac800000, 0x00000005ac800000, 0x00000005ad000000|  0%| F|  |TAMS 0x00000005ac800000| PB 0x00000005ac800000| Untracked |  0
|  346|0x00000005ad000000, 0x00000005ad000000, 0x00000005ad800000|  0%| F|  |TAMS 0x00000005ad000000| PB 0x00000005ad000000| Untracked |  0
| 1535|0x00000007ff800000, 0x00000007ff928d80, 0x0000000800000000| 14%| O|  |TAMS 0x00000007ff800000| PB 0x00000007ff800000| Untracked |  0

Card table byte_map: [0x0000025ff2ae0000,0x0000025ff42e0000] _byte_map_base: 0x0000025ff02e0000
Refinement table byte_map: [0x0000025ff12e0000,0x0000025ff2ae0000] _byte_map_base: 0x0000025feeae0000

Marking Bits: (CMBitMap*) 0x0000025fd5c1bed0
 Bits: [0x0000025f80000000, 0x0000025f8c000000)

Polling page: 0x0000025fd5c60000

Metaspace:
Metaspace        used 1844K, committed 2048K, reserved 1114112K
 class space     used 101K, committed 192K, reserved 1048576K

Usage:
  Non-class:      1.70 MB used.
      Class:    101.44 KB used.
       Both:      1.80 MB used.

Virtual space:
  Non-class space:       64.00 MB reserved,       1.81 MB (  3%) committed,  1 nodes.
      Class space:        1.00 GB reserved,     192.00 KB ( <1%) committed,  1 nodes.
             Both:        1.06 GB reserved,       2.00 MB ( <1%) committed. 

Chunk freelists:
   Non-Class:  11.47 MB
       Class:  15.68 MB
        Both:  27.15 MB

MaxMetaspaceSize: unlimited
CompressedClassSpaceSize: 1.00 GB
Initial GC threshold: 21.00 MB
Current GC threshold: 21.00 MB
CDS: on
 - commit_granule_bytes: 65536.
 - commit_granule_words: 8192.
 - virtual_space_node_default_size: 8388608.
 - enlarge_chunks_in_place: 1.
UseCompressedClassPointers 1, UseCompactObjectHeaders 0
Narrow klass pointer bits 32, Max shift 3
Narrow klass base: 0x0000000084000000, Narrow klass shift: 0
Encoding Range: [0x0000000084000000 - 0x0000000184000000), (4294967296 bytes)
Klass Range:    [0x0000000084000000 - 0x00000000c5000000), (1090519040 bytes)
Klass ID Range:  [8 - 1090519033) (1090519025)
Protection zone: [0x0000000084000000 - 0x0000000084010000), (65536 bytes)


Internal statistics:

num_allocs_failed_limit: 0.
num_arena_births: 48.
num_arena_deaths: 0.
num_vsnodes_births: 2.
num_vsnodes_deaths: 0.
num_space_committed: 32.
num_space_uncommitted: 0.
num_chunks_returned_to_freelist: 0.
num_chunks_taken_from_freelist: 98.
num_chunk_merges: 0.
num_chunk_splits: 58.
num_chunks_enlarged: 28.
num_inconsistent_stats: 0.

CodeHeap 'non-profiled nmethods': size=120064Kb used=1251Kb max_used=1251Kb free=118812Kb
 bounds [0x0000025fe78f0000, 0x0000025fe7b60000, 0x0000025feee30000]
CodeHeap 'profiled nmethods': size=120064Kb used=2249Kb max_used=2249Kb free=117815Kb
 bounds [0x0000025fdfe10000, 0x0000025fe0080000, 0x0000025fe7350000]
CodeHeap 'non-nmethods': size=5760Kb used=1304Kb max_used=1404Kb free=4455Kb
 bounds [0x0000025fe7350000, 0x0000025fe75c0000, 0x0000025fe78f0000]
CodeCache: size=245888Kb, used=4804Kb, max_used=4904Kb, free=241082Kb
 total_blobs=2022, nmethods=1603, adapters=324, full_count=0
Compilation: enabled, stopped_count=0, restarted_count=0

Compilation events (20 events):
Event: 2461.153 Thread 0x0000025ff6812f00 1594   !   3       java.util.Formatter$FormatSpecifier::precision (53 bytes)
Event: 2461.153 Thread 0x0000025ff6812f00 nmethod 1594 0x0000025fe0039708 code [0x0000025fe0039800, 0x0000025fe0039ae8]
Event: 2461.153 Thread 0x0000025ff6812f00 1595       3       java.util.Formatter$FormatSpecifier::check (115 bytes)
Event: 2461.154 Thread 0x0000025ff6812f00 nmethod 1595 0x0000025fe0039b08 code [0x0000025fe0039c00, 0x0000025fe003a398]
Event: 2676.564 Thread 0x0000025ff6812f00 1596       3       java.lang.String::valueOf (15 bytes)
Event: 2676.584 Thread 0x0000025ff6812f00 nmethod 1596 0x0000025fe003a408 code [0x0000025fe003a500, 0x0000025fe003a6f8]
Event: 2821.387 Thread 0x0000025ff6812f00 1597       3       java.util.Formatter$FormatSpecifier::printInteger (137 bytes)
Event: 2821.422 Thread 0x0000025ff6812f00 nmethod 1597 0x0000025fe003a708 code [0x0000025fe003a800, 0x0000025fe003b8f8]
Event: 2821.422 Thread 0x0000025ff6812f00 1598       3       java.lang.System::lineSeparator (4 bytes)
Event: 2821.424 Thread 0x0000025ff6812f00 nmethod 1598 0x0000025fe003b908 code [0x0000025fe003ba00, 0x0000025fe003baf0]
Event: 2881.468 Thread 0x0000025ff6812f00 1599       3       java.io.Writer::write (11 bytes)
Event: 2881.484 Thread 0x0000025ff6812f00 nmethod 1599 0x0000025fe003bc08 code [0x0000025fe003bd00, 0x0000025fe003c0c0]
Event: 2909.622 Thread 0x0000025ff6812f00 1600   !   3       java.nio.charset.CharsetEncoder::encode (273 bytes)
Event: 2909.664 Thread 0x0000025ff6812f00 nmethod 1600 0x0000025fe003c108 code [0x0000025fe003c200, 0x0000025fe003d898]
Event: 2996.891 Thread 0x0000025ff680a6e0 1601       4       jdk.internal.util.DecimalDigits::uncheckedPutCharLatin1 (40 bytes)
Event: 2996.949 Thread 0x0000025ff680a6e0 nmethod 1601 0x0000025fe7a28908 code [0x0000025fe7a28a00, 0x0000025fe7a28a80]
Event: 3001.622 Thread 0x0000025ff6812f00 1602       3       java.lang.Double::compare (54 bytes)
Event: 3001.630 Thread 0x0000025ff6812f00 nmethod 1602 0x0000025fe003d908 code [0x0000025fe003da00, 0x0000025fe003dfb8]
Event: 3001.630 Thread 0x0000025ff6812f00 1603       3       java.util.Formatter$FormatSpecifier::print (912 bytes)
Event: 3001.659 Thread 0x0000025ff6812f00 nmethod 1603 0x0000025fe003e008 code [0x0000025fe003e100, 0x0000025fe00423c8]

GC Heap Usage History (20 events):
Event: 3216.139 {heap After GC invocations=743 (full 0):
 garbage-first heap   total reserved 12582912K, committed 2850816K, used 964831K [0x0000000500000000, 0x0000000800000000)
  region size 8M, 0 eden (0M), 3 survivor (24M), 117 old (936M), 0 humongous (0M), 228 free (1824M)
}
Event: 3222.320 {heap Before GC invocations=743 (full 0):
 garbage-first heap   total reserved 12582912K, committed 2850816K, used 2644191K [0x0000000500000000, 0x0000000800000000)
  region size 8M, 205 eden (1640M), 3 survivor (24M), 117 old (936M), 0 humongous (0M), 23 free (184M)
}
Event: 3222.367 {heap After GC invocations=744 (full 0):
 garbage-first heap   total reserved 12582912K, committed 2850816K, used 985654K [0x0000000500000000, 0x0000000800000000)
  region size 8M, 0 eden (0M), 6 survivor (48M), 117 old (936M), 0 humongous (0M), 225 free (1800M)
}
Event: 3225.809 {heap Before GC invocations=744 (full 0):
 garbage-first heap   total reserved 12582912K, committed 2850816K, used 1976886K [0x0000000500000000, 0x0000000800000000)
  region size 8M, 121 eden (968M), 6 survivor (48M), 117 old (936M), 0 humongous (0M), 104 free (832M)
}
Event: 3225.862 {heap After GC invocations=745 (full 0):
 garbage-first heap   total reserved 12582912K, committed 2850816K, used 1005006K [0x0000000500000000, 0x0000000800000000)
  region size 8M, 0 eden (0M), 8 survivor (64M), 117 old (936M), 0 humongous (0M), 223 free (1784M)
}
Event: 3228.860 {heap Before GC invocations=745 (full 0):
 garbage-first heap   total reserved 12582912K, committed 2850816K, used 1840590K [0x0000000500000000, 0x0000000800000000)
  region size 8M, 102 eden (816M), 8 survivor (64M), 117 old (936M), 0 humongous (0M), 121 free (968M)
}
Event: 3228.919 {heap After GC invocations=746 (full 0):
 garbage-first heap   total reserved 12582912K, committed 2850816K, used 1021717K [0x0000000500000000, 0x0000000800000000)
  region size 8M, 0 eden (0M), 10 survivor (80M), 117 old (936M), 0 humongous (0M), 221 free (1768M)
}
Event: 3231.414 {heap Before GC invocations=746 (full 0):
 garbage-first heap   total reserved 12582912K, committed 2850816K, used 1783573K [0x0000000500000000, 0x0000000800000000)
  region size 8M, 93 eden (744M), 10 survivor (80M), 117 old (936M), 0 humongous (0M), 128 free (1024M)
}
Event: 3231.483 {heap After GC invocations=747 (full 0):
 garbage-first heap   total reserved 12582912K, committed 2850816K, used 1030289K [0x0000000500000000, 0x0000000800000000)
  region size 8M, 0 eden (0M), 9 survivor (72M), 119 old (952M), 0 humongous (0M), 220 free (1760M)
}
Event: 3238.444 {heap Before GC invocations=747 (full 0):
 garbage-first heap   total reserved 12582912K, committed 2850816K, used 2660497K [0x0000000500000000, 0x0000000800000000)
  region size 8M, 199 eden (1592M), 9 survivor (72M), 119 old (952M), 0 humongous (0M), 21 free (168M)
}
Event: 3238.524 {heap After GC invocations=748 (full 0):
 garbage-first heap   total reserved 12582912K, committed 2850816K, used 1044142K [0x0000000500000000, 0x0000000800000000)
  region size 8M, 0 eden (0M), 10 survivor (80M), 119 old (952M), 0 humongous (0M), 219 free (1752M)
}
Event: 3245.416 {heap Before GC invocations=748 (full 0):
 garbage-first heap   total reserved 12582912K, committed 2850816K, used 2666158K [0x0000000500000000, 0x0000000800000000)
  region size 8M, 198 eden (1584M), 10 survivor (80M), 119 old (952M), 0 humongous (0M), 21 free (168M)
}
Event: 3245.504 {heap After GC invocations=749 (full 0):
 garbage-first heap   total reserved 12582912K, committed 2850816K, used 1053772K [0x0000000500000000, 0x0000000800000000)
  region size 8M, 0 eden (0M), 12 survivor (96M), 119 old (952M), 0 humongous (0M), 217 free (1736M)
}
Event: 3251.768 {heap Before GC invocations=749 (full 0):
 garbage-first heap   total reserved 12582912K, committed 2850816K, used 2659404K [0x0000000500000000, 0x0000000800000000)
  region size 8M, 196 eden (1568M), 12 survivor (96M), 119 old (952M), 0 humongous (0M), 21 free (168M)
}
Event: 3251.846 {heap After GC invocations=750 (full 0):
 garbage-first heap   total reserved 12582912K, committed 2850816K, used 1063728K [0x0000000500000000, 0x0000000800000000)
  region size 8M, 0 eden (0M), 13 survivor (104M), 119 old (952M), 0 humongous (0M), 216 free (1728M)
}
Event: 3257.270 {heap Before GC invocations=750 (full 0):
 garbage-first heap   total reserved 12582912K, committed 2850816K, used 2661168K [0x0000000500000000, 0x0000000800000000)
  region size 8M, 195 eden (1560M), 13 survivor (104M), 119 old (952M), 0 humongous (0M), 21 free (168M)
}
Event: 3257.341 {heap After GC invocations=751 (full 0):
 garbage-first heap   total reserved 12582912K, committed 2850816K, used 1067536K [0x0000000500000000, 0x0000000800000000)
  region size 8M, 0 eden (0M), 13 survivor (104M), 119 old (952M), 0 humongous (0M), 216 free (1728M)
}
Event: 3263.172 {heap Before GC invocations=751 (full 0):
 garbage-first heap   total reserved 12582912K, committed 2850816K, used 2664976K [0x0000000500000000, 0x0000000800000000)
  region size 8M, 195 eden (1560M), 13 survivor (104M), 119 old (952M), 0 humongous (0M), 21 free (168M)
}
Event: 3263.262 {heap After GC invocations=752 (full 0):
 garbage-first heap   total reserved 12582912K, committed 2850816K, used 1068718K [0x0000000500000000, 0x0000000800000000)
  region size 8M, 0 eden (0M), 13 survivor (104M), 119 old (952M), 0 humongous (0M), 216 free (1728M)
}
Event: 3269.539 {heap Before GC invocations=752 (full 0):
 garbage-first heap   total reserved 12582912K, committed 2850816K, used 2666158K [0x0000000500000000, 0x0000000800000000)
  region size 8M, 195 eden (1560M), 13 survivor (104M), 119 old (952M), 0 humongous (0M), 21 free (168M)
}

Metaspace Usage History (20 events):
Event: 3216.139 {metaspace After GC invocations=743 (full 0):
 Metaspace       used 1844K, committed 2048K, reserved 1114112K
  class space    used 101K, committed 192K, reserved 1048576K
}
Event: 3222.320 {metaspace Before GC invocations=743 (full 0):
 Metaspace       used 1844K, committed 2048K, reserved 1114112K
  class space    used 101K, committed 192K, reserved 1048576K
}
Event: 3222.368 {metaspace After GC invocations=744 (full 0):
 Metaspace       used 1844K, committed 2048K, reserved 1114112K
  class space    used 101K, committed 192K, reserved 1048576K
}
Event: 3225.809 {metaspace Before GC invocations=744 (full 0):
 Metaspace       used 1844K, committed 2048K, reserved 1114112K
  class space    used 101K, committed 192K, reserved 1048576K
}
Event: 3225.862 {metaspace After GC invocations=745 (full 0):
 Metaspace       used 1844K, committed 2048K, reserved 1114112K
  class space    used 101K, committed 192K, reserved 1048576K
}
Event: 3228.860 {metaspace Before GC invocations=745 (full 0):
 Metaspace       used 1844K, committed 2048K, reserved 1114112K
  class space    used 101K, committed 192K, reserved 1048576K
}
Event: 3228.919 {metaspace After GC invocations=746 (full 0):
 Metaspace       used 1844K, committed 2048K, reserved 1114112K
  class space    used 101K, committed 192K, reserved 1048576K
}
Event: 3231.414 {metaspace Before GC invocations=746 (full 0):
 Metaspace       used 1844K, committed 2048K, reserved 1114112K
  class space    used 101K, committed 192K, reserved 1048576K
}
Event: 3231.483 {metaspace After GC invocations=747 (full 0):
 Metaspace       used 1844K, committed 2048K, reserved 1114112K
  class space    used 101K, committed 192K, reserved 1048576K
}
Event: 3238.445 {metaspace Before GC invocations=747 (full 0):
 Metaspace       used 1844K, committed 2048K, reserved 1114112K
  class space    used 101K, committed 192K, reserved 1048576K
}
Event: 3238.524 {metaspace After GC invocations=748 (full 0):
 Metaspace       used 1844K, committed 2048K, reserved 1114112K
  class space    used 101K, committed 192K, reserved 1048576K
}
Event: 3245.416 {metaspace Before GC invocations=748 (full 0):
 Metaspace       used 1844K, committed 2048K, reserved 1114112K
  class space    used 101K, committed 192K, reserved 1048576K
}
Event: 3245.504 {metaspace After GC invocations=749 (full 0):
 Metaspace       used 1844K, committed 2048K, reserved 1114112K
  class space    used 101K, committed 192K, reserved 1048576K
}
Event: 3251.768 {metaspace Before GC invocations=749 (full 0):
 Metaspace       used 1844K, committed 2048K, reserved 1114112K
  class space    used 101K, committed 192K, reserved 1048576K
}
Event: 3251.846 {metaspace After GC invocations=750 (full 0):
 Metaspace       used 1844K, committed 2048K, reserved 1114112K
  class space    used 101K, committed 192K, reserved 1048576K
}
Event: 3257.270 {metaspace Before GC invocations=750 (full 0):
 Metaspace       used 1844K, committed 2048K, reserved 1114112K
  class space    used 101K, committed 192K, reserved 1048576K
}
Event: 3257.341 {metaspace After GC invocations=751 (full 0):
 Metaspace       used 1844K, committed 2048K, reserved 1114112K
  class space    used 101K, committed 192K, reserved 1048576K
}
Event: 3263.172 {metaspace Before GC invocations=751 (full 0):
 Metaspace       used 1844K, committed 2048K, reserved 1114112K
  class space    used 101K, committed 192K, reserved 1048576K
}
Event: 3263.262 {metaspace After GC invocations=752 (full 0):
 Metaspace       used 1844K, committed 2048K, reserved 1114112K
  class space    used 101K, committed 192K, reserved 1048576K
}
Event: 3269.539 {metaspace Before GC invocations=752 (full 0):
 Metaspace       used 1844K, committed 2048K, reserved 1114112K
  class space    used 101K, committed 192K, reserved 1048576K
}

Dll operation events (8 events):
Event: 0.007 Attempting to load shared library C:\Program Files\Java\jdk-26.0.1\bin\java.dll
Event: 0.009 Loaded shared library C:\Program Files\Java\jdk-26.0.1\bin\java.dll
Event: 0.083 Attempting to load shared library C:\Program Files\Java\jdk-26.0.1\bin\jimage.dll
Event: 0.083 Loaded shared library C:\Program Files\Java\jdk-26.0.1\bin\jimage.dll
Event: 0.085 Attempting to load shared library C:\Program Files\Java\jdk-26.0.1\bin\net.dll
Event: 0.086 Loaded shared library C:\Program Files\Java\jdk-26.0.1\bin\net.dll
Event: 0.088 Attempting to load shared library C:\Program Files\Java\jdk-26.0.1\bin\nio.dll
Event: 0.089 Loaded shared library C:\Program Files\Java\jdk-26.0.1\bin\nio.dll

Deoptimization events (20 events):
Event: 1383.888 Thread 0x0000025fd55d23e0 DEOPT PACKING pc=0x0000025fe79d6c2c sp=0x000000cc978ff1c0
Event: 1383.888 Thread 0x0000025fd55d23e0 DEOPT UNPACKING pc=0x0000025fe7473902 sp=0x000000cc978ff030 mode 2
Event: 1384.473 Thread 0x0000025fd55d23e0 Uncommon trap: trap_request=0xffffff45 fr.pc=0x0000025fe7a00ad8 relative=0x00000000000003d8
Event: 1384.473 Thread 0x0000025fd55d23e0 Uncommon trap: reason=unstable_if action=reinterpret pc=0x0000025fe7a00ad8 method=report.NodeDeathReport.checkCCRoutingExpert(Lcore/DTNHost;Lrouting/CCRoutingExpert;ID)V @ 47 c2
Event: 1384.473 Thread 0x0000025fd55d23e0 DEOPT PACKING pc=0x0000025fe7a00ad8 sp=0x000000cc978ff430
Event: 1384.474 Thread 0x0000025fd55d23e0 DEOPT UNPACKING pc=0x0000025fe7473902 sp=0x000000cc978ff3b0 mode 2
Event: 1545.357 Thread 0x0000025fd55d23e0 Uncommon trap: trap_request=0xffffff45 fr.pc=0x0000025fe79f1788 relative=0x00000000000005e8
Event: 1545.357 Thread 0x0000025fd55d23e0 Uncommon trap: reason=unstable_if action=reinterpret pc=0x0000025fe79f1788 method=routing.ActiveRouter.dropExpiredMessages()V @ 33 c2
Event: 1545.357 Thread 0x0000025fd55d23e0 DEOPT PACKING pc=0x0000025fe79f1788 sp=0x000000cc978ff3b0
Event: 1545.392 Thread 0x0000025fd55d23e0 DEOPT UNPACKING pc=0x0000025fe7473902 sp=0x000000cc978ff360 mode 2
Event: 1578.460 Thread 0x0000025fd55d23e0 Uncommon trap: trap_request=0xffffff45 fr.pc=0x0000025fe79d8b7c relative=0x0000000000000fdc
Event: 1578.460 Thread 0x0000025fd55d23e0 Uncommon trap: reason=unstable_if action=reinterpret pc=0x0000025fe79d8b7c method=routing.ActiveRouter.checkReceiving(Lcore/Message;)I @ 34 c2
Event: 1578.460 Thread 0x0000025fd55d23e0 DEOPT PACKING pc=0x0000025fe79d8b7c sp=0x000000cc978ff1c0
Event: 1578.460 Thread 0x0000025fd55d23e0 DEOPT UNPACKING pc=0x0000025fe7473902 sp=0x000000cc978ff1c0 mode 2
Event: 1578.967 Thread 0x0000025fd55d23e0 DEOPT PACKING pc=0x0000025fe001913f sp=0x000000cc978ff3b0
Event: 1578.967 Thread 0x0000025fd55d23e0 DEOPT UNPACKING pc=0x0000025fe73a1a02 sp=0x000000cc978fe858 mode 0
Event: 2568.025 Thread 0x0000025fd55d23e0 Uncommon trap: trap_request=0xffffffde fr.pc=0x0000025fe7996ba8 relative=0x0000000000000a28
Event: 2568.028 Thread 0x0000025fd55d23e0 Uncommon trap: reason=class_check action=maybe_recompile pc=0x0000025fe7996ba8 method=java.util.HashMap.putVal(ILjava/lang/Object;Ljava/lang/Object;ZZ)Ljava/lang/Object; @ 91 c2
Event: 2568.029 Thread 0x0000025fd55d23e0 DEOPT PACKING pc=0x0000025fe7996ba8 sp=0x000000cc978ff280
Event: 2568.032 Thread 0x0000025fd55d23e0 DEOPT UNPACKING pc=0x0000025fe7473902 sp=0x000000cc978ff190 mode 2

Classes loaded (20 events):
Event: 0.281 Loading class java/lang/IllegalStateException
Event: 0.281 Loading class java/lang/IllegalStateException done
Event: 0.293 Loading class java/lang/Math$RandomNumberGeneratorHolder
Event: 0.293 Loading class java/lang/Math$RandomNumberGeneratorHolder done
Event: 0.312 Loading class jdk/internal/math/FormattedFPDecimal
Event: 0.312 Loading class jdk/internal/math/FormattedFPDecimal done
Event: 0.406 Loading class java/io/FileWriter
Event: 0.406 Loading class java/io/FileWriter done
Event: 0.414 Loading class java/io/PrintWriter
Event: 0.414 Loading class java/io/PrintWriter done
Event: 0.472 Loading class java/util/LinkedList$ListItr
Event: 0.472 Loading class java/util/LinkedList$ListItr done
Event: 0.472 Loading class java/util/PriorityQueue
Event: 0.472 Loading class java/util/AbstractQueue
Event: 0.472 Loading class java/util/AbstractQueue done
Event: 0.472 Loading class java/util/PriorityQueue done
Event: 60.465 Loading class java/util/Formatter$FormatSpecifierParser
Event: 60.465 Loading class java/util/Formatter$FormatSpecifierParser done
Event: 60.466 Loading class java/util/Formatter$FixedString
Event: 60.466 Loading class java/util/Formatter$FixedString done

Classes unloaded (0 events):
No events

Classes redefined (0 events):
No events

Internal exceptions (5 events):
Event: 0.119 Thread 0x0000025fd55d23e0 Exception <a 'java/lang/NoSuchMethodError'{0x00000005001c77d8}: 'java.lang.Object java.lang.invoke.DirectMethodHandle$Holder.invokeSpecial(java.lang.Object, java.lang.Object, double, double)'> (0x00000005001c77d8) 
thrown [s\open\src\hotspot\share\interpreter\linkResolver.cpp, line 804]
Event: 0.120 Thread 0x0000025fd55d23e0 Exception <a 'java/lang/NoSuchMethodError'{0x00000005001d80b0}: 'java.lang.Object java.lang.invoke.DelegatingMethodHandle$Holder.reinvoke_L(java.lang.Object, java.lang.Object, double, double)'> (0x00000005001d80b0) 
thrown [s\open\src\hotspot\share\interpreter\linkResolver.cpp, line 804]
Event: 1.901 Thread 0x0000025fd55d23e0 Implicit null exception at 0x0000025fe79cd03d to 0x0000025fe79cd3e8
Event: 2.916 Thread 0x0000025fd55d23e0 Implicit null exception at 0x0000025fe79a2ffd to 0x0000025fe79a4178
Event: 411.764 Thread 0x0000025fd55d23e0 Implicit null exception at 0x0000025fe79d2101 to 0x0000025fe79d2948

VM Operations (20 events):
Event: 3225.862 Executing safepoint VM operation: G1CollectForAllocation (G1 Evacuation Pause) done
Event: 3228.860 Executing safepoint VM operation: G1CollectForAllocation (G1 Evacuation Pause)
Event: 3228.919 Executing safepoint VM operation: G1CollectForAllocation (G1 Evacuation Pause) done
Event: 3231.414 Executing safepoint VM operation: G1CollectForAllocation (G1 Evacuation Pause)
Event: 3231.483 Executing safepoint VM operation: G1CollectForAllocation (G1 Evacuation Pause) done
Event: 3238.443 Executing safepoint VM operation: G1CollectForAllocation (G1 Evacuation Pause)
Event: 3238.524 Executing safepoint VM operation: G1CollectForAllocation (G1 Evacuation Pause) done
Event: 3245.416 Executing safepoint VM operation: G1CollectForAllocation (G1 Evacuation Pause)
Event: 3245.504 Executing safepoint VM operation: G1CollectForAllocation (G1 Evacuation Pause) done
Event: 3247.005 Executing non-safepoint VM operation: HandshakeAllThreads (DeflationHandshakeClosure)
Event: 3247.006 Executing non-safepoint VM operation: HandshakeAllThreads (DeflationHandshakeClosure) done
Event: 3247.006 Executing non-safepoint VM operation: RendezvousGCThreads
Event: 3247.006 Executing non-safepoint VM operation: RendezvousGCThreads done
Event: 3251.768 Executing safepoint VM operation: G1CollectForAllocation (G1 Evacuation Pause)
Event: 3251.846 Executing safepoint VM operation: G1CollectForAllocation (G1 Evacuation Pause) done
Event: 3257.270 Executing safepoint VM operation: G1CollectForAllocation (G1 Evacuation Pause)
Event: 3257.341 Executing safepoint VM operation: G1CollectForAllocation (G1 Evacuation Pause) done
Event: 3263.171 Executing safepoint VM operation: G1CollectForAllocation (G1 Evacuation Pause)
Event: 3263.262 Executing safepoint VM operation: G1CollectForAllocation (G1 Evacuation Pause) done
Event: 3269.539 Executing safepoint VM operation: G1CollectForAllocation (G1 Evacuation Pause)

Memory protections (0 events):
No events

Nmethod flushes (0 events):
No events

Events (15 events):
Event: 0.020 Thread 0x0000025fd55d23e0 Thread added: 0x0000025fd55d23e0
Event: 0.030 Thread 0x0000025fd55d23e0 Thread added: 0x0000025ff67eb950
Event: 0.030 Thread 0x0000025fd55d23e0 Thread added: 0x0000025ff67ec3a0
Event: 0.031 Thread 0x0000025fd55d23e0 Thread added: 0x0000025ff67f77f0
Event: 0.031 Thread 0x0000025fd55d23e0 Thread added: 0x0000025ff67f83a0
Event: 0.031 Thread 0x0000025fd55d23e0 Thread added: 0x0000025ff6800f60
Event: 0.031 Thread 0x0000025fd55d23e0 Thread added: 0x0000025ff6803b20
Event: 0.031 Thread 0x0000025fd55d23e0 Thread added: 0x0000025ff680a6e0
Event: 0.031 Thread 0x0000025fd55d23e0 Thread added: 0x0000025ff6812f00
Event: 0.035 Thread 0x0000025fd55d23e0 Thread added: 0x0000025ffb079840
Event: 0.037 Thread 0x0000025fd55d23e0 Thread added: 0x0000025ffb07b660
Event: 0.147 Thread 0x0000025ff6812f00 Thread added: 0x0000025ffb8508b0
Event: 0.159 Thread 0x0000025ff680a6e0 Thread added: 0x0000025ffb84c000
Event: 2.029 Thread 0x0000025ffb84c000 Thread exited: 0x0000025ffb84c000
Event: 2.898 Thread 0x0000025ffb8508b0 Thread exited: 0x0000025ffb8508b0


Dynamic libraries:
0x00007ff7a1f40000 - 0x00007ff7a1f50000 	C:\Program Files\Java\jdk-26.0.1\bin\java.exe
0x00007ff9ae8e0000 - 0x00007ff9aeb47000 	C:\WINDOWS\SYSTEM32\ntdll.dll
0x00007ff9accd0000 - 0x00007ff9acd99000 	C:\WINDOWS\System32\KERNEL32.DLL
0x00007ff9abef0000 - 0x00007ff9ac2e7000 	C:\WINDOWS\System32\KERNELBASE.dll
0x00007ff9ab310000 - 0x00007ff9ab45b000 	C:\WINDOWS\System32\ucrtbase.dll
0x00007ff995140000 - 0x00007ff99515e000 	C:\Program Files\Java\jdk-26.0.1\bin\VCRUNTIME140.dll
0x00007ff995120000 - 0x00007ff995137000 	C:\Program Files\Java\jdk-26.0.1\bin\jli.dll
0x00007ff9ad8b0000 - 0x00007ff9ada76000 	C:\WINDOWS\System32\USER32.dll
0x00007ff9ab460000 - 0x00007ff9ab487000 	C:\WINDOWS\System32\win32u.dll
0x00007ff98d750000 - 0x00007ff98d9e2000 	C:\WINDOWS\WinSxS\amd64_microsoft.windows.common-controls_6595b64144ccf1df_6.0.26100.8457_none_3e0b2faee331e92d\COMCTL32.dll
0x00007ff9ad720000 - 0x00007ff9ad74b000 	C:\WINDOWS\System32\GDI32.dll
0x00007ff9aca60000 - 0x00007ff9acb09000 	C:\WINDOWS\System32\msvcrt.dll
0x00007ff9ac470000 - 0x00007ff9ac59c000 	C:\WINDOWS\System32\gdi32full.dll
0x00007ff9ab5d0000 - 0x00007ff9ab673000 	C:\WINDOWS\System32\msvcp_win.dll
0x00007ff9aca20000 - 0x00007ff9aca52000 	C:\WINDOWS\System32\IMM32.DLL
0x00007ff9a6af0000 - 0x00007ff9a6afc000 	C:\Program Files\Java\jdk-26.0.1\bin\vcruntime140_1.dll
0x00007ff97dd30000 - 0x00007ff97ddbd000 	C:\Program Files\Java\jdk-26.0.1\bin\msvcp140.dll
0x00007ff9377b0000 - 0x00007ff93867e000 	C:\Program Files\Java\jdk-26.0.1\bin\server\jvm.dll
0x00007ff9acea0000 - 0x00007ff9acf56000 	C:\WINDOWS\System32\ADVAPI32.dll
0x00007ff9acb10000 - 0x00007ff9acbb7000 	C:\WINDOWS\System32\sechost.dll
0x00007ff9ad570000 - 0x00007ff9ad688000 	C:\WINDOWS\System32\RPCRT4.dll
0x00007ff9ad690000 - 0x00007ff9ad710000 	C:\WINDOWS\System32\WS2_32.dll
0x00007ff9ab170000 - 0x00007ff9ab1ce000 	C:\WINDOWS\SYSTEM32\POWRPROF.dll
0x00007ff9a3f90000 - 0x00007ff9a3fc6000 	C:\WINDOWS\SYSTEM32\WINMM.dll
0x00007ff9a5f50000 - 0x00007ff9a5f5b000 	C:\WINDOWS\SYSTEM32\VERSION.dll
0x00007ff9ab150000 - 0x00007ff9ab164000 	C:\WINDOWS\SYSTEM32\UMPDC.dll
0x00007ff9aa060000 - 0x00007ff9aa07b000 	C:\WINDOWS\SYSTEM32\kernel.appcore.dll
0x00007ff99e410000 - 0x00007ff99e41a000 	C:\Program Files\Java\jdk-26.0.1\bin\jimage.dll
0x00007ff9a4260000 - 0x00007ff9a44a2000 	C:\WINDOWS\SYSTEM32\DBGHELP.DLL
0x00007ff9ad1e0000 - 0x00007ff9ad563000 	C:\WINDOWS\System32\combase.dll
0x00007ff9ad100000 - 0x00007ff9ad1d9000 	C:\WINDOWS\System32\OLEAUT32.dll
0x00007ff997640000 - 0x00007ff99767b000 	C:\WINDOWS\SYSTEM32\dbgcore.DLL
0x00007ff9ab520000 - 0x00007ff9ab5c8000 	C:\WINDOWS\System32\bcryptPrimitives.dll
0x00007ff993400000 - 0x00007ff99341f000 	C:\Program Files\Java\jdk-26.0.1\bin\java.dll
0x00007ff9ac660000 - 0x00007ff9ac7f7000 	C:\WINDOWS\System32\ole32.dll
0x00007ff9adc00000 - 0x00007ff9ae36e000 	C:\WINDOWS\System32\SHELL32.dll
0x00007ff9ab680000 - 0x00007ff9abeec000 	C:\WINDOWS\System32\windows.storage.dll
0x00007ff9acfd0000 - 0x00007ff9ad0c6000 	C:\WINDOWS\System32\SHCORE.dll
0x00007ff9acf60000 - 0x00007ff9acfc6000 	C:\WINDOWS\System32\shlwapi.dll
0x00007ff9ab230000 - 0x00007ff9ab259000 	C:\WINDOWS\SYSTEM32\profapi.dll
0x00007ff9933e0000 - 0x00007ff9933f2000 	C:\Program Files\Java\jdk-26.0.1\bin\net.dll
0x00007ff9aa5b0000 - 0x00007ff9aa61c000 	C:\WINDOWS\system32\mswsock.dll
0x00007ff9933c0000 - 0x00007ff9933d6000 	C:\Program Files\Java\jdk-26.0.1\bin\nio.dll

JVMTI agents: none

dbghelp: loaded successfully - version: 4.0.5 - missing functions: none
symbol engine: initialized successfully - sym options: 0x614 - pdb path: .;C:\Program Files\Java\jdk-26.0.1\bin;C:\WINDOWS\SYSTEM32;C:\WINDOWS\WinSxS\amd64_microsoft.windows.common-controls_6595b64144ccf1df_6.0.26100.8457_none_3e0b2faee331e92d;C:\Program Files\Java\jdk-26.0.1\bin\server

VM Arguments:
jvm_args: -Xmx12G 
java_command: core.DTNSim -b 1 C:\Users\Jikoyuooo\Opportunistic-Routing-using-Q-Learning-with-Context-Information\Z_combined\B1_E3300_eps20\B1_E3300_eps20_WithEF.txt
java_class_path (initial): target;lib/ECLA.jar;lib/DTNConsoleConnection.jar;lib/lombok.jar
Launcher Type: SUN_STANDARD

[Global flags]
     bool AOTAdapterCaching                        = false                                  {diagnostic} {ergonomic}
     bool AOTInvokeDynamicLinking                  = false                                  {diagnostic} {ergonomic}
     bool AOTRecordTraining                        = false                                  {diagnostic} {ergonomic}
     bool AOTReplayTraining                        = false                                  {diagnostic} {ergonomic}
     bool AOTStubCaching                           = false                                  {diagnostic} {ergonomic}
     intx CICompilerCount                          = 4                                         {product} {ergonomic}
     uint ConcGCThreads                            = 3                                         {product} {ergonomic}
     uint G1ConcRefinementThreads                  = 10                                        {product} {ergonomic}
     uint G1EagerReclaimRemSetThreshold            = 64                                   {experimental} {ergonomic}
   size_t G1HeapRegionSize                         = 8388608                                   {product} {ergonomic}
     uint G1RemSetArrayOfCardsEntries              = 64                                   {experimental} {ergonomic}
     uint G1RemSetHowlMaxNumBuckets                = 8                                    {experimental} {ergonomic}
     uint G1RemSetHowlNumBuckets                   = 8                                    {experimental} {ergonomic}
   size_t InitialHeapSize                          = 8388608                                   {product} {ergonomic}
     bool IntelJccErratumMitigation                = false                             {ARCH diagnostic} {ergonomic}
   size_t MarkStackSize                            = 4194304                                   {product} {ergonomic}
   size_t MarkStackSizeMax                         = 536870912                                 {product} {ergonomic}
   size_t MaxHeapSize                              = 12884901888                               {product} {command line}
   size_t MaxNewSize                               = 7725907968                                {product} {ergonomic}
 uint64_t MaxRAM                                   = 16504729600                               {product} {ergonomic}
   size_t MinHeapDeltaBytes                        = 8388608                                   {product} {ergonomic}
   size_t MinHeapSize                              = 8388608                                   {product} {ergonomic}
   size_t NonNMethodCodeHeapSize                   = 5898240                                {pd product} {ergonomic}
   size_t NonProfiledCodeHeapSize                  = 122945536                              {pd product} {ergonomic}
   size_t ProfiledCodeHeapSize                     = 122945536                              {pd product} {ergonomic}
   size_t ReservedCodeCacheSize                    = 251789312                              {pd product} {ergonomic}
     bool SegmentedCodeCache                       = true                                      {product} {ergonomic}
   size_t SoftMaxHeapSize                          = 12884901888                            {manageable} {ergonomic}
     bool UseCompressedOops                        = true                           {product lp64_product} {ergonomic}
     bool UseCondCardMark                          = true                                      {product} {ergonomic}
     bool UseFastUnorderedTimeStamps               = true                                 {experimental} {ergonomic}
     bool UseG1GC                                  = true                                      {product} {ergonomic}
     bool UseLargePagesIndividualAllocation        = false                                  {pd product} {ergonomic}
      int X86ICacheSync                            = 3                                 {ARCH diagnostic} {ergonomic}

Logging:
Log output configuration:
 #0: stdout all=warning uptime,level,tags foldmultilines=false
 #1: stderr all=off uptime,level,tags foldmultilines=false

Release file:
IMPLEMENTOR="Oracle Corporation" 
JAVA_RUNTIME_VERSION="26.0.1+8-34" 
JAVA_VERSION="26.0.1" 
JAVA_VERSION_DATE="2026-04-21" 
LIBC="default" 
MODULES="java.base java.compiler java.datatransfer java.xml java.prefs java.desktop java.instrument java.logging java.management java.security.sasl java.naming java.rmi java.management.rmi java.net.http java.scripting java.security.jgss java.transaction.xa java.sql java.sql.rowset java.xml.crypto java.se java.smartcardio jdk.accessibility jdk.internal.jvmstat jdk.attach jdk.charsets jdk.internal.opt jdk.zipfs jdk.compiler jdk.crypto.cryptoki jdk.crypto.ec jdk.crypto.mscapi jdk.dynalink jdk.internal.ed jdk.editpad jdk.internal.vm.ci jdk.graal.compiler jdk.graal.compiler.management jdk.hotspot.agent jdk.httpserver jdk.incubator.vector jdk.internal.le jdk.internal.md jdk.jartool jdk.javadoc jdk.jcmd jdk.management jdk.management.agent jdk.jconsole jdk.jdeps jdk.jdwp.agent jdk.jdi jdk.jfr jdk.jlink jdk.jpackage jdk.jshell jdk.jstatd jdk.localedata jdk.management.jfr jdk.naming.dns jdk.naming.rmi jdk.net jdk.nio.mapmode jdk.sctp jdk.security.auth jdk.security.jgss jdk.unsupported jdk.unsupported.desktop jdk.xml.dom" 
OS_ARCH="x86_64" 
OS_NAME="Windows" 
SOURCE=".:git:8fcde8268d22 open:git:fcc00fc4aee7" 

Environment Variables:
PATH=C:\Program Files\Common Files\Oracle\Java\javapath;C:\Program Files (x86)\Common Files\Oracle\Java\java8path;C:\Program Files (x86)\Common Files\Oracle\Java\javapath;C:\WINDOWS\system32;C:\WINDOWS;C:\WINDOWS\System32\Wbem;C:\WINDOWS\System32\WindowsPowerShell\v1.0\;C:\WINDOWS\System32\OpenSSH\;%NVM_HOME%;%NVM_SYMLINK%;C:\Program Files\Cloudflare\Cloudflare WARP\;C:\Program Files\Git\cmd;C:\Program Files (x86)\Google\Cloud SDK\google-cloud-sdk\bin;C:\Users\Jikoyuooo\AppData\Local\Microsoft\WindowsApps;C:\Users\Jikoyuooo\AppData\Local\Programs\Antigravity IDE\bin;C:\Users\yosri\AppData\Local\nvm;C:\nvm4w\nodejs;C:\Program Files\JetBrains\IntelliJ IDEA 2026.1.2\bin;C:\Users\Jikoyuooo\AppData\Local\Python\bin;c:\Users\Jikoyuooo\.antigravity-ide\extensions\ms-python.debugpy-2026.6.0-win32-x64\bundled\scripts\noConfigScripts;c:\Users\Jikoyuooo\.antigravity-ide\extensions\vscjava.vscode-java-debug-0.59.0-universal\bundled\scripts\noConfigScripts
USERNAME=Jikoyuooo
LANG=en_US.UTF-8
OS=Windows_NT
PROCESSOR_IDENTIFIER=AMD64 Family 25 Model 80 Stepping 0, AuthenticAMD
TMP=C:\Users\JIKOYU~1\AppData\Local\Temp
TEMP=C:\Users\JIKOYU~1\AppData\Local\Temp




Compilation memory statistics disabled.

Periodic native trim disabled

---------------  S Y S T E M  ---------------

OS:
 Windows 11 , 64 bit Build 26100 (10.0.26100.8328)
OS uptime: 0 days 15:08 hours
Hyper-V role detected

CPU: total 12 (initial active 12) (6 cores per cpu, 2 threads per core) family 25 model 80 stepping 0 microcode 0xa500014, cx8, cmov, fxsr, ht, mmx, 3dnowpref, sse, sse2, sse3, ssse3, sse4a, sse4.1, sse4.2, popcnt, lzcnt, tsc, tscinvbit, avx, avx2, aes, erms, clmul, bmi1, bmi2, adx, sha, fma, vzeroupper, clflush, clflushopt, clwb, hv, rdtscp, rdpid, fsrm, f16c, cet_ss
Processor Information for the first 12 processors :
  Max Mhz: 3600, Current Mhz: 3600, Mhz Limit: 3600

Memory: 4k page, system-wide physical 15740M (570M free)
TotalPageFile size 46093M (AvailPageFile size 1184M)
current process WorkingSet (physical memory assigned to process): 2090M, peak: 2353M
current process commit charge ("private bytes"): 2938M, peak: 6746M

vm_info: Java HotSpot(TM) 64-Bit Server VM (26.0.1+8-34) for windows-amd64 JRE (26.0.1+8-34), built on 2026-03-10T17:24:10Z with MS VC++ 17.13 (VS2022)

END.
